Component: ARM Compiler 5.06 update 7 (build 960) Tool: armlink [4d3601]

==============================================================================

Section Cross References

    startup_stm32f427xx.o(STACK) refers (Special) to heapauxi.o(.text) for __use_two_region_memory
    startup_stm32f427xx.o(HEAP) refers (Special) to heapauxi.o(.text) for __use_two_region_memory
    startup_stm32f427xx.o(RESET) refers (Special) to heapauxi.o(.text) for __use_two_region_memory
    startup_stm32f427xx.o(RESET) refers to startup_stm32f427xx.o(STACK) for __initial_sp
    startup_stm32f427xx.o(RESET) refers to startup_stm32f427xx.o(.text) for Reset_Handler
    startup_stm32f427xx.o(RESET) refers to stm32f4xx_it.o(i.NMI_Handler) for NMI_Handler
    startup_stm32f427xx.o(RESET) refers to stm32f4xx_it.o(i.HardFault_Handler) for HardFault_Handler
    startup_stm32f427xx.o(RESET) refers to stm32f4xx_it.o(i.MemManage_Handler) for MemManage_Handler
    startup_stm32f427xx.o(RESET) refers to stm32f4xx_it.o(i.BusFault_Handler) for BusFault_Handler
    startup_stm32f427xx.o(RESET) refers to stm32f4xx_it.o(i.UsageFault_Handler) for UsageFault_Handler
    startup_stm32f427xx.o(RESET) refers to stm32f4xx_it.o(i.SVC_Handler) for SVC_Handler
    startup_stm32f427xx.o(RESET) refers to stm32f4xx_it.o(i.DebugMon_Handler) for DebugMon_Handler
    startup_stm32f427xx.o(RESET) refers to stm32f4xx_it.o(i.PendSV_Handler) for PendSV_Handler
    startup_stm32f427xx.o(RESET) refers to stm32f4xx_it.o(i.SysTick_Handler) for SysTick_Handler
    startup_stm32f427xx.o(RESET) refers to stm32f4xx_it.o(i.CAN1_RX0_IRQHandler) for CAN1_RX0_IRQHandler
    startup_stm32f427xx.o(RESET) refers to stm32f4xx_it.o(i.CAN1_RX1_IRQHandler) for CAN1_RX1_IRQHandler
    startup_stm32f427xx.o(RESET) refers to stm32f4xx_it.o(i.USART2_IRQHandler) for USART2_IRQHandler
    startup_stm32f427xx.o(RESET) refers to stm32f4xx_it.o(i.USART6_IRQHandler) for USART6_IRQHandler
    startup_stm32f427xx.o(.text) refers (Special) to heapauxi.o(.text) for __use_two_region_memory
    startup_stm32f427xx.o(.text) refers to system_stm32f4xx.o(i.SystemInit) for SystemInit
    startup_stm32f427xx.o(.text) refers to __main.o(!!!main) for __main
    startup_stm32f427xx.o(.text) refers to startup_stm32f427xx.o(HEAP) for Heap_Mem
    startup_stm32f427xx.o(.text) refers to startup_stm32f427xx.o(STACK) for Stack_Mem
    drv_bsp.o(i._Z11BSP_DC24_LD20Enum_BSP_DC24_Status) refers to stm32f4xx_hal_gpio.o(i.HAL_GPIO_WritePin) for HAL_GPIO_WritePin
    drv_bsp.o(i._Z11BSP_DC24_LU20Enum_BSP_DC24_Status) refers to stm32f4xx_hal_gpio.o(i.HAL_GPIO_WritePin) for HAL_GPIO_WritePin
    drv_bsp.o(i._Z11BSP_DC24_RD20Enum_BSP_DC24_Status) refers to stm32f4xx_hal_gpio.o(i.HAL_GPIO_WritePin) for HAL_GPIO_WritePin
    drv_bsp.o(i._Z11BSP_DC24_RU20Enum_BSP_DC24_Status) refers to stm32f4xx_hal_gpio.o(i.HAL_GPIO_WritePin) for HAL_GPIO_WritePin
    drv_bsp.o(i._Z8BSP_Initjff) refers to drv_bsp.o(i._Z11BSP_DC24_LU20Enum_BSP_DC24_Status) for BSP_DC24_LU(Enum_BSP_DC24_Status)
    drv_bsp.o(i._Z8BSP_Initjff) refers to drv_bsp.o(i._Z11BSP_DC24_LD20Enum_BSP_DC24_Status) for BSP_DC24_LD(Enum_BSP_DC24_Status)
    drv_bsp.o(i._Z8BSP_Initjff) refers to drv_bsp.o(i._Z11BSP_DC24_RU20Enum_BSP_DC24_Status) for BSP_DC24_RU(Enum_BSP_DC24_Status)
    drv_bsp.o(i._Z8BSP_Initjff) refers to drv_bsp.o(i._Z11BSP_DC24_RD20Enum_BSP_DC24_Status) for BSP_DC24_RD(Enum_BSP_DC24_Status)
    drv_bsp.o(i._Z8BSP_Initjff) refers to drv_bsp.o(i._Z9BSP_LED_R19Enum_BSP_LED_Status) for BSP_LED_R(Enum_BSP_LED_Status)
    drv_bsp.o(i._Z8BSP_Initjff) refers to drv_bsp.o(i._Z9BSP_LED_G19Enum_BSP_LED_Status) for BSP_LED_G(Enum_BSP_LED_Status)
    drv_bsp.o(i._Z8BSP_Initjff) refers to drv_bsp.o(i._Z9BSP_LED_119Enum_BSP_LED_Status) for BSP_LED_1(Enum_BSP_LED_Status)
    drv_bsp.o(i._Z8BSP_Initjff) refers to drv_bsp.o(i._Z9BSP_LED_219Enum_BSP_LED_Status) for BSP_LED_2(Enum_BSP_LED_Status)
    drv_bsp.o(i._Z8BSP_Initjff) refers to drv_bsp.o(i._Z9BSP_LED_319Enum_BSP_LED_Status) for BSP_LED_3(Enum_BSP_LED_Status)
    drv_bsp.o(i._Z8BSP_Initjff) refers to drv_bsp.o(i._Z9BSP_LED_419Enum_BSP_LED_Status) for BSP_LED_4(Enum_BSP_LED_Status)
    drv_bsp.o(i._Z8BSP_Initjff) refers to drv_bsp.o(i._Z9BSP_LED_519Enum_BSP_LED_Status) for BSP_LED_5(Enum_BSP_LED_Status)
    drv_bsp.o(i._Z8BSP_Initjff) refers to drv_bsp.o(i._Z9BSP_LED_619Enum_BSP_LED_Status) for BSP_LED_6(Enum_BSP_LED_Status)
    drv_bsp.o(i._Z8BSP_Initjff) refers to drv_bsp.o(i._Z9BSP_LED_719Enum_BSP_LED_Status) for BSP_LED_7(Enum_BSP_LED_Status)
    drv_bsp.o(i._Z8BSP_Initjff) refers to drv_bsp.o(i._Z9BSP_LED_819Enum_BSP_LED_Status) for BSP_LED_8(Enum_BSP_LED_Status)
    drv_bsp.o(i._Z9BSP_LED_119Enum_BSP_LED_Status) refers to stm32f4xx_hal_gpio.o(i.HAL_GPIO_WritePin) for HAL_GPIO_WritePin
    drv_bsp.o(i._Z9BSP_LED_219Enum_BSP_LED_Status) refers to stm32f4xx_hal_gpio.o(i.HAL_GPIO_WritePin) for HAL_GPIO_WritePin
[...]
    i.NMI_Handler                            0x08002a04   Section        0  stm32f4xx_it.o(i.NMI_Handler)
    i.PendSV_Handler                         0x08002a08   Section        0  stm32f4xx_it.o(i.PendSV_Handler)
    i.SVC_Handler                            0x08002a0a   Section        0  stm32f4xx_it.o(i.SVC_Handler)
    i.SysTick_Handler                        0x08002a0c   Section        0  stm32f4xx_it.o(i.SysTick_Handler)
    i.SystemInit                             0x08002a14   Section        0  system_stm32f4xx.o(i.SystemInit)
    i.TIM_Base_SetConfig                     0x08002a28   Section        0  stm32f4xx_hal_tim.o(i.TIM_Base_SetConfig)
    i.TIM_CCxChannelCmd                      0x08002b00   Section        0  stm32f4xx_hal_tim.o(i.TIM_CCxChannelCmd)
    i.TIM_ETR_SetConfig                      0x08002b22   Section        0  stm32f4xx_hal_tim.o(i.TIM_ETR_SetConfig)
    i.TIM_OC2_SetConfig                      0x08002b38   Section        0  stm32f4xx_hal_tim.o(i.TIM_OC2_SetConfig)
    i.UART_Start_Receive_DMA                 0x08002bb4   Section        0  stm32f4xx_hal_uart.o(i.UART_Start_Receive_DMA)
    i.UART_Start_Receive_IT                  0x08002c7c   Section        0  stm32f4xx_hal_uart.o(i.UART_Start_Receive_IT)
    i.USART2_IRQHandler                      0x08002cbc   Section        0  stm32f4xx_it.o(i.USART2_IRQHandler)
    i.USART6_IRQHandler                      0x08002cc0   Section        0  stm32f4xx_it.o(i.USART6_IRQHandler)
    i.UsageFault_Handler                     0x08002cd0   Section        0  stm32f4xx_it.o(i.UsageFault_Handler)
    i._Z11BSP_DC24_LD20Enum_BSP_DC24_Status  0x08002cd4   Section        0  drv_bsp.o(i._Z11BSP_DC24_LD20Enum_BSP_DC24_Status)
    i._Z11BSP_DC24_LU20Enum_BSP_DC24_Status  0x08002ce8   Section        0  drv_bsp.o(i._Z11BSP_DC24_LU20Enum_BSP_DC24_Status)
    i._Z11BSP_DC24_RD20Enum_BSP_DC24_Status  0x08002cfc   Section        0  drv_bsp.o(i._Z11BSP_DC24_RD20Enum_BSP_DC24_Status)
    i._Z11BSP_DC24_RU20Enum_BSP_DC24_Status  0x08002d10   Section        0  drv_bsp.o(i._Z11BSP_DC24_RU20Enum_BSP_DC24_Status)
    i._Z13CAN_Send_DataP17CAN_HandleTypeDeftPht 0x08002d24   Section        0  drv_can.o(i._Z13CAN_Send_DataP17CAN_HandleTypeDeftPht)
    i._Z16arm_control_onceh                  0x08002d4c   Section        0  main.o(i._Z16arm_control_onceh)
    i._Z16set_motors_angleP9arm_State        0x08002f8c   Section        0  main.o(i._Z16set_motors_angleP9arm_State)
    i._Z16set_motors_speedP9arm_State        0x08002fbc   Section        0  main.o(i._Z16set_motors_speedP9arm_State)
    i._Z17Math_Float_To_Intfffii             0x08002fec   Section        0  drv_math.o(i._Z17Math_Float_To_Intfffii)
    i._Z17Math_Int_To_Floatiiiff             0x0800301e   Section        0  drv_math.o(i._Z17Math_Int_To_Floatiiiff)
    i._Z17motor_state_chagePfS_              0x08003050   Section        0  main.o(i._Z17motor_state_chagePfS_)
    i._Z18SystemClock_Configv                0x08003280   Section        0  main.o(i._Z18SystemClock_Configv)
    i._Z19CAN_Motor_Call_BackP20Struct_CAN_Rx_Buffer 0x0800333c   Section        0  main.o(i._Z19CAN_Motor_Call_BackP20Struct_CAN_Rx_Buffer)
    i._Z22CAN_Filter_Mask_ConfigP17CAN_HandleTypeDefhjj 0x080033a8   Section        0  drv_can.o(i._Z22CAN_Filter_Mask_ConfigP17CAN_HandleTypeDefhjj)
    i._Z22Math_Endian_Reverse_16PvS_         0x08003416   Section        0  drv_math.o(i._Z22Math_Endian_Reverse_16PvS_)
    i._Z8BSP_Initjff                         0x08003438   Section        0  drv_bsp.o(i._Z8BSP_Initjff)
    i._Z8CAN_InitP17CAN_HandleTypeDefPFvP20Struct_CAN_Rx_BufferE 0x080034d4   Section        0  drv_can.o(i._Z8CAN_InitP17CAN_HandleTypeDefPFvP20Struct_CAN_Rx_BufferE)
    i._Z8set_PWM1h                           0x08003558   Section        0  main.o(i._Z8set_PWM1h)
    i._Z8set_PWM2h                           0x08003578   Section        0  main.o(i._Z8set_PWM2h)
    i._Z8set_PWM3h                           0x08003598   Section        0  main.o(i._Z8set_PWM3h)
    i._Z9BSP_LED_119Enum_BSP_LED_Status      0x080035b8   Section        0  drv_bsp.o(i._Z9BSP_LED_119Enum_BSP_LED_Status)
    i._Z9BSP_LED_219Enum_BSP_LED_Status      0x080035cc   Section        0  drv_bsp.o(i._Z9BSP_LED_219Enum_BSP_LED_Status)
    i._Z9BSP_LED_319Enum_BSP_LED_Status      0x080035e0   Section        0  drv_bsp.o(i._Z9BSP_LED_319Enum_BSP_LED_Status)
    i._Z9BSP_LED_419Enum_BSP_LED_Status      0x080035f4   Section        0  drv_bsp.o(i._Z9BSP_LED_419Enum_BSP_LED_Status)
    i._Z9BSP_LED_519Enum_BSP_LED_Status      0x08003608   Section        0  drv_bsp.o(i._Z9BSP_LED_519Enum_BSP_LED_Status)
    i._Z9BSP_LED_619Enum_BSP_LED_Status      0x0800361c   Section        0  drv_bsp.o(i._Z9BSP_LED_619Enum_BSP_LED_Status)
    i._Z9BSP_LED_719Enum_BSP_LED_Status      0x08003630   Section        0  drv_bsp.o(i._Z9BSP_LED_719Enum_BSP_LED_Status)
    i._Z9BSP_LED_819Enum_BSP_LED_Status      0x08003644   Section        0  drv_bsp.o(i._Z9BSP_LED_819Enum_BSP_LED_Status)
    i._Z9BSP_LED_G19Enum_BSP_LED_Status      0x0800365c   Section        0  drv_bsp.o(i._Z9BSP_LED_G19Enum_BSP_LED_Status)
    i._Z9BSP_LED_R19Enum_BSP_LED_Status      0x08003674   Section        0  drv_bsp.o(i._Z9BSP_LED_R19Enum_BSP_LED_Status)
    i._ZN21Class_Motor_DM_Normal12Data_ProcessEv 0x0800368c   Section        0  dvc_motor_dm.o(i._ZN21Class_Motor_DM_Normal12Data_ProcessEv)
    i._ZN21Class_Motor_DM_Normal14CAN_Send_EnterEv 0x080037a8   Section        0  dvc_motor_dm.o(i._ZN21Class_Motor_DM_Normal14CAN_Send_EnterEv)
    i._ZN21Class_Motor_DM_Normal17Set_Control_AngleEf 0x080037c0   Section        0  main.o(i._ZN21Class_Motor_DM_Normal17Set_Control_AngleEf)
    i._ZN21Class_Motor_DM_Normal17Set_Control_OmegaEf 0x080037c6   Section        0  main.o(i._ZN21Class_Motor_DM_Normal17Set_Control_OmegaEf)
    i._ZN21Class_Motor_DM_Normal18CAN_RxCpltCallbackEPh 0x080037cc   Section        0  dvc_motor_dm.o(i._ZN21Class_Motor_DM_Normal18CAN_RxCpltCallbackEPh)
    i._ZN21Class_Motor_DM_Normal20CAN_Send_Clear_ErrorEv 0x080037e0   Section        0  dvc_motor_dm.o(i._ZN21Class_Motor_DM_Normal20CAN_Send_Clear_ErrorEv)
    i._ZN21Class_Motor_DM_Normal30TIM_Send_PeriodElapsedCallbackEv 0x080037f8   Section        0  dvc_motor_dm.o(i._ZN21Class_Motor_DM_Normal30TIM_Send_PeriodElapsedCallbackEv)
    i._ZN21Class_Motor_DM_Normal31TIM_Alive_PeriodElapsedCallbackEv 0x080038bc   Section        0  dvc_motor_dm.o(i._ZN21Class_Motor_DM_Normal31TIM_Alive_PeriodElapsedCallbackEv)
    i._ZN21Class_Motor_DM_Normal4InitEP17CAN_HandleTypeDefhh28Enum_Motor_DM_Control_Methodffff 0x080038e8   Section        0  dvc_motor_dm.o(i._ZN21Class_Motor_DM_Normal4InitEP17CAN_HandleTypeDefhh28Enum_Motor_DM_Control_Methodffff)
    i._ZN21Class_Motor_DM_Normal6OutputEv    0x0800395c   Section        0  dvc_motor_dm.o(i._ZN21Class_Motor_DM_Normal6OutputEv)
    i._ZN21Class_Motor_DM_NormalC1Ev         0x08003af4   Section        0  main.o(i._ZN21Class_Motor_DM_NormalC1Ev)
    i._ZN41_INTERNAL_19_stm32f4xx_hal_dma_c_c25f65ec13DMA_SetConfigEP19__DMA_HandleTypeDefjjj 0x08003b38   Section        0  stm32f4xx_hal_dma.o(i._ZN41_INTERNAL_19_stm32f4xx_hal_dma_c_c25f65ec13DMA_SetConfigEP19__DMA_HandleTypeDefjjj)
    [local to stm32f4xx_hal_dma_c]::DMA_SetConfig(__DMA_HandleTypeDef*, unsigned, unsigned, unsigned) 0x08003b39   Thumb Code    44  stm32f4xx_hal_dma.o(i._ZN41_INTERNAL_19_stm32f4xx_hal_dma_c_c25f65ec13DMA_SetConfigEP19__DMA_HandleTypeDefjjj)
    i._ZN41_INTERNAL_19_stm32f4xx_hal_tim_c_a9d95b5217TIM_OC1_SetConfigEP11TIM_TypeDefP18TIM_OC_InitTypeDef 0x08003b64   Section        0  stm32f4xx_hal_tim.o(i._ZN41_INTERNAL_19_stm32f4xx_hal_tim_c_a9d95b5217TIM_OC1_SetConfigEP11TIM_TypeDefP18TIM_OC_InitTypeDef)
    [local to stm32f4xx_hal_tim_c]::TIM_OC1_SetConfig(TIM_TypeDef*, TIM_OC_InitTypeDef*) 0x08003b65   Thumb Code   104  stm32f4xx_hal_tim.o(i._ZN41_INTERNAL_19_stm32f4xx_hal_tim_c_a9d95b5217TIM_OC1_SetConfigEP11TIM_TypeDefP18TIM_OC_InitTypeDef)
    i._ZN41_INTERNAL_19_stm32f4xx_hal_tim_c_a9d95b5217TIM_OC3_SetConfigEP11TIM_TypeDefP18TIM_OC_InitTypeDef 0x08003bd4   Section        0  stm32f4xx_hal_tim.o(i._ZN41_INTERNAL_19_stm32f4xx_hal_tim_c_a9d95b5217TIM_OC3_SetConfigEP11TIM_TypeDefP18TIM_OC_InitTypeDef)
    [local to stm32f4xx_hal_tim_c]::TIM_OC3_SetConfig(TIM_TypeDef*, TIM_OC_InitTypeDef*) 0x08003bd5   Thumb Code   112  stm32f4xx_hal_tim.o(i._ZN41_INTERNAL_19_stm32f4xx_hal_tim_c_a9d95b5217TIM_OC3_SetConfigEP11TIM_TypeDefP18TIM_OC_InitTypeDef)
    i._ZN41_INTERNAL_19_stm32f4xx_hal_tim_c_a9d95b5217TIM_OC4_SetConfigEP11TIM_TypeDefP18TIM_OC_InitTypeDef 0x08003c4c   Section        0  stm32f4xx_hal_tim.o(i._ZN41_INTERNAL_19_stm32f4xx_hal_tim_c_a9d95b5217TIM_OC4_SetConfigEP11TIM_TypeDefP18TIM_OC_InitTypeDef)
    [local to stm32f4xx_hal_tim_c]::TIM_OC4_SetConfig(TIM_TypeDef*, TIM_OC_InitTypeDef*) 0x08003c4d   Thumb Code    74  stm32f4xx_hal_tim.o(i._ZN41_INTERNAL_19_stm32f4xx_hal_tim_c_a9d95b5217TIM_OC4_SetConfigEP11TIM_TypeDefP18TIM_OC_InitTypeDef)
    i._ZN41_INTERNAL_19_stm32f4xx_hal_tim_c_a9d95b5218TIM_ITRx_SetConfigEP11TIM_TypeDefj 0x08003ca0   Section        0  stm32f4xx_hal_tim.o(i._ZN41_INTERNAL_19_stm32f4xx_hal_tim_c_a9d95b5218TIM_ITRx_SetConfigEP11TIM_TypeDefj)
    [local to stm32f4xx_hal_tim_c]::TIM_ITRx_SetConfig(TIM_TypeDef*, unsigned) 0x08003ca1   Thumb Code    18  stm32f4xx_hal_tim.o(i._ZN41_INTERNAL_19_stm32f4xx_hal_tim_c_a9d95b5218TIM_ITRx_SetConfigEP11TIM_TypeDefj)
    i._ZN41_INTERNAL_19_stm32f4xx_hal_tim_c_a9d95b5224TIM_TI1_ConfigInputStageEP11TIM_TypeDefjj 0x08003cb2   Section        0  stm32f4xx_hal_tim.o(i._ZN41_INTERNAL_19_stm32f4xx_hal_tim_c_a9d95b5224TIM_TI1_ConfigInputStageEP11TIM_TypeDefjj)
    [local to stm32f4xx_hal_tim_c]::TIM_TI1_ConfigInputStage(TIM_TypeDef*, unsigned, unsigned) 0x08003cb3   Thumb Code    38  stm32f4xx_hal_tim.o(i._ZN41_INTERNAL_19_stm32f4xx_hal_tim_c_a9d95b5224TIM_TI1_ConfigInputStageEP11TIM_TypeDefjj)
    i._ZN41_INTERNAL_19_stm32f4xx_hal_tim_c_a9d95b5224TIM_TI2_ConfigInputStageEP11TIM_TypeDefjj 0x08003cd8   Section        0  stm32f4xx_hal_tim.o(i._ZN41_INTERNAL_19_stm32f4xx_hal_tim_c_a9d95b5224TIM_TI2_ConfigInputStageEP11TIM_TypeDefjj)
    [local to stm32f4xx_hal_tim_c]::TIM_TI2_ConfigInputStage(TIM_TypeDef*, unsigned, unsigned) 0x08003cd9   Thumb Code    40  stm32f4xx_hal_tim.o(i._ZN41_INTERNAL_19_stm32f4xx_hal_tim_c_a9d95b5224TIM_TI2_ConfigInputStageEP11TIM_TypeDefjj)
    i._ZN42_INTERNAL_20_stm32f4xx_hal_uart_c_d497114f13UART_DMAErrorEP19__DMA_HandleTypeDef 0x08003d00   Section        0  stm32f4xx_hal_uart.o(i._ZN42_INTERNAL_20_stm32f4xx_hal_uart_c_d497114f13UART_DMAErrorEP19__DMA_HandleTypeDef)
    [local to stm32f4xx_hal_uart_c]::UART_DMAError(__DMA_HandleTypeDef*) 0x08003d01   Thumb Code    80  stm32f4xx_hal_uart.o(i._ZN42_INTERNAL_20_stm32f4xx_hal_uart_c_d497114f13UART_DMAErrorEP19__DMA_HandleTypeDef)
    i._ZN42_INTERNAL_20_stm32f4xx_hal_uart_c_d497114f14UART_SetConfigEP20__UART_HandleTypeDef 0x08003d50   Section        0  stm32f4xx_hal_uart.o(i._ZN42_INTERNAL_20_stm32f4xx_hal_uart_c_d497114f14UART_SetConfigEP20__UART_HandleTypeDef)
    [local to stm32f4xx_hal_uart_c]::UART_SetConfig(__UART_HandleTypeDef*) 0x08003d51   Thumb Code   546  stm32f4xx_hal_uart.o(i._ZN42_INTERNAL_20_stm32f4xx_hal_uart_c_d497114f14UART_SetConfigEP20__UART_HandleTypeDef)
    i._ZN42_INTERNAL_20_stm32f4xx_hal_uart_c_d497114f15UART_Receive_ITEP20__UART_HandleTypeDef 0x08003f7c   Section        0  stm32f4xx_hal_uart.o(i._ZN42_INTERNAL_20_stm32f4xx_hal_uart_c_d497114f15UART_Receive_ITEP20__UART_HandleTypeDef)
    [local to stm32f4xx_hal_uart_c]::UART_Receive_IT(__UART_HandleTypeDef*) 0x08003f7d   Thumb Code   252  stm32f4xx_hal_uart.o(i._ZN42_INTERNAL_20_stm32f4xx_hal_uart_c_d497114f15UART_Receive_ITEP20__UART_HandleTypeDef)
    i._ZN42_INTERNAL_20_stm32f4xx_hal_uart_c_d497114f16UART_Transmit_ITEP20__UART_HandleTypeDef 0x08004078   Section        0  stm32f4xx_hal_uart.o(i._ZN42_INTERNAL_20_stm32f4xx_hal_uart_c_d497114f16UART_Transmit_ITEP20__UART_HandleTypeDef)
    [local to stm32f4xx_hal_uart_c]::UART_Transmit_IT(__UART_HandleTypeDef*) 0x08004079   Thumb Code    96  stm32f4xx_hal_uart.o(i._ZN42_INTERNAL_20_stm32f4xx_hal_uart_c_d497114f16UART_Transmit_ITEP20__UART_HandleTypeDef)
    i._ZN42_INTERNAL_20_stm32f4xx_hal_uart_c_d497114f18UART_DMARxHalfCpltEP19__DMA_HandleTypeDef 0x080040d8   Section        0  stm32f4xx_hal_uart.o(i._ZN42_INTERNAL_20_stm32f4xx_hal_uart_c_d497114f18UART_DMARxHalfCpltEP19__DMA_HandleTypeDef)
    [local to stm32f4xx_hal_uart_c]::UART_DMARxHalfCplt(__DMA_HandleTypeDef*) 0x080040d9   Thumb Code    36  stm32f4xx_hal_uart.o(i._ZN42_INTERNAL_20_stm32f4xx_hal_uart_c_d497114f18UART_DMARxHalfCpltEP19__DMA_HandleTypeDef)
    i._ZN42_INTERNAL_20_stm32f4xx_hal_uart_c_d497114f18UART_EndRxTransferEP20__UART_HandleTypeDef 0x080040fc   Section        0  stm32f4xx_hal_uart.o(i._ZN42_INTERNAL_20_stm32f4xx_hal_uart_c_d497114f18UART_EndRxTransferEP20__UART_HandleTypeDef)
    [local to stm32f4xx_hal_uart_c]::UART_EndRxTransfer(__UART_HandleTypeDef*) 0x080040fd   Thumb Code   108  stm32f4xx_hal_uart.o(i._ZN42_INTERNAL_20_stm32f4xx_hal_uart_c_d497114f18UART_EndRxTransferEP20__UART_HandleTypeDef)
    i._ZN42_INTERNAL_20_stm32f4xx_hal_uart_c_d497114f18UART_EndTxTransferEP20__UART_HandleTypeDef 0x08004168   Section        0  stm32f4xx_hal_uart.o(i._ZN42_INTERNAL_20_stm32f4xx_hal_uart_c_d497114f18UART_EndTxTransferEP20__UART_HandleTypeDef)
    [local to stm32f4xx_hal_uart_c]::UART_EndTxTransfer(__UART_HandleTypeDef*) 0x08004169   Thumb Code    38  stm32f4xx_hal_uart.o(i._ZN42_INTERNAL_20_stm32f4xx_hal_uart_c_d497114f18UART_EndTxTransferEP20__UART_HandleTypeDef)
    i._ZN42_INTERNAL_20_stm32f4xx_hal_uart_c_d497114f19UART_DMAReceiveCpltEP19__DMA_HandleTypeDef 0x0800418e   Section        0  stm32f4xx_hal_uart.o(i._ZN42_INTERNAL_20_stm32f4xx_hal_uart_c_d497114f19UART_DMAReceiveCpltEP19__DMA_HandleTypeDef)
    [local to stm32f4xx_hal_uart_c]::UART_DMAReceiveCplt(__DMA_HandleTypeDef*) 0x0800418f   Thumb Code   180  stm32f4xx_hal_uart.o(i._ZN42_INTERNAL_20_stm32f4xx_hal_uart_c_d497114f19UART_DMAReceiveCpltEP19__DMA_HandleTypeDef)
    i._ZN42_INTERNAL_20_stm32f4xx_hal_uart_c_d497114f19UART_EndTransmit_ITEP20__UART_HandleTypeDef 0x08004242   Section        0  stm32f4xx_hal_uart.o(i._ZN42_INTERNAL_20_stm32f4xx_hal_uart_c_d497114f19UART_EndTransmit_ITEP20__UART_HandleTypeDef)
    [local to stm32f4xx_hal_uart_c]::UART_EndTransmit_IT(__UART_HandleTypeDef*) 0x08004243   Thumb Code    32  stm32f4xx_hal_uart.o(i._ZN42_INTERNAL_20_stm32f4xx_hal_uart_c_d497114f19UART_EndTransmit_ITEP20__UART_HandleTypeDef)
    i._ZN42_INTERNAL_20_stm32f4xx_hal_uart_c_d497114f20UART_DMAAbortOnErrorEP19__DMA_HandleTypeDef 0x08004262   Section        0  stm32f4xx_hal_uart.o(i._ZN42_INTERNAL_20_stm32f4xx_hal_uart_c_d497114f20UART_DMAAbortOnErrorEP19__DMA_HandleTypeDef)
    [local to stm32f4xx_hal_uart_c]::UART_DMAAbortOnError(__DMA_HandleTypeDef*) 0x08004263   Thumb Code    20  stm32f4xx_hal_uart.o(i._ZN42_INTERNAL_20_stm32f4xx_hal_uart_c_d497114f20UART_DMAAbortOnErrorEP19__DMA_HandleTypeDef)
    i._ZN44_INTERNAL_22_stm32f4xx_hal_cortex_c_2992dbc018__NVIC_SetPriorityE9IRQn_Typej 0x08004278   Section        0  stm32f4xx_hal_cortex.o(i._ZN44_INTERNAL_22_stm32f4xx_hal_cortex_c_2992dbc018__NVIC_SetPriorityE9IRQn_Typej)
    [local to stm32f4xx_hal_cortex_c]::__NVIC_SetPriority(IRQn_Type, unsigned) 0x08004279   Thumb Code    32  stm32f4xx_hal_cortex.o(i._ZN44_INTERNAL_22_stm32f4xx_hal_cortex_c_2992dbc018__NVIC_SetPriorityE9IRQn_Typej)
    i._ZN44_INTERNAL_22_stm32f4xx_hal_cortex_c_2992dbc026__NVIC_GetPriorityGroupingEv 0x080042a0   Section        0  stm32f4xx_hal_cortex.o(i._ZN44_INTERNAL_22_stm32f4xx_hal_cortex_c_2992dbc026__NVIC_GetPriorityGroupingEv)
    [local to stm32f4xx_hal_cortex_c]::__NVIC_GetPriorityGrouping() 0x080042a1   Thumb Code    10  stm32f4xx_hal_cortex.o(i._ZN44_INTERNAL_22_stm32f4xx_hal_cortex_c_2992dbc026__NVIC_GetPriorityGroupingEv)
    i.__sti___6_main_c_18ce1bfb              0x080042b0   Section        0  main.o(i.__sti___6_main_c_18ce1bfb)
    __sti___6_main_c_18ce1bfb                0x080042b1   Thumb Code    54  main.o(i.__sti___6_main_c_18ce1bfb)
    i.main                                   0x08004304   Section        0  main.o(i.main)
    t._Z14Math_ConstrainIfET_PS0_S0_S0_      0x080044dc   Section        0  alg_pid.o(t._Z14Math_ConstrainIfET_PS0_S0_S0_)
    x$fpl$fpinit                             0x0800450c   Section       10  fpinit.o(x$fpl$fpinit)
    $v0                                      0x0800450c   Number         0  fpinit.o(x$fpl$fpinit)
    .constdata                               0x08004516   Section       24  system_stm32f4xx.o(.constdata)
    .init_array                              0x08004550   Section        4  main.o(.init_array)
    .init_array                              0x08004554   Section        0  init_aeabi.o(.init_array)
    .data                                    0x20000000   Section       32  dvc_motor_dm.o(.data)
    .data                                    0x20000020   Section      952  main.o(.data)
    Variable_Assignment_List                 0x20000024   Data         400  main.o(.data)
    arm_control_once(unsigned char)::cnt     0x200003d4   Data           4  main.o(.data)
    .data                                    0x200003d8   Section        9  stm32f4xx_hal.o(.data)
    .data                                    0x200003e4   Section        4  system_stm32f4xx.o(.data)
    .bss                                     0x200003e8   Section     4192  drv_uart.o(.bss)
    .bss                                     0x20001448   Section       88  drv_can.o(.bss)
    .bss                                     0x200014a0   Section      672  main.o(.bss)
    motor_state_chage(float*, float*)::Counter_ 0x20001718   Data          20  main.o(.bss)
    motor_state_chage(float*, float*)::Counter_KeepAlive 0x2000172c   Data          20  main.o(.bss)
    .bss                                     0x20001740   Section       40  can.o(.bss)
    .bss                                     0x20001768   Section       72  usart.o(.bss)
    .bss                                     0x200017b0   Section       72  tim.o(.bss)
    .bss                                     0x200017f8   Section       96  libspace.o(.bss)
    HEAP                                     0x20001858   Section     4096  startup_stm32f427xx.o(HEAP)
    Heap_Mem                                 0x20001858   Data        4096  startup_stm32f427xx.o(HEAP)
    STACK                                    0x20002858   Section     4096  startup_stm32f427xx.o(STACK)
    Stack_Mem                                0x20002858   Data        4096  startup_stm32f427xx.o(STACK)
    __initial_sp                             0x20003858   Data           0  startup_stm32f427xx.o(STACK)

    Global Symbols

    Symbol Name                              Value     Ov Type        Size  Object(Section)

    BuildAttributes$$THM_ISAv4$E$P$D$K$B$S$7EM$VFPi3$EXTD16$VFPS$VFMA$PE$A:L22UL41UL21$X:L11$S22US41US21$IEEE1$IW$USESV6$~STKCKD$USESV7$~SHL$OTIME$ROPI$IEEEX$EBA8$UX$STANDARDLIB$REQ8$PRES8$EABIv2 0x00000000   Number         0  anon$$obj.o ABSOLUTE
    __ARM_use_no_argv                        0x00000000   Number         0  main.o ABSOLUTE
    __ARM_exceptions_init                     - Undefined Weak Reference
    __alloca_initialize                       - Undefined Weak Reference
    __arm_fini_                               - Undefined Weak Reference
    __arm_preinit_                            - Undefined Weak Reference
    __cxa_finalize                            - Undefined Weak Reference
    __rt_locale                               - Undefined Weak Reference
    __sigvec_lookup                           - Undefined Weak Reference
    _atexit_init                              - Undefined Weak Reference
    _call_atexit_fns                          - Undefined Weak Reference
    _clock_init                               - Undefined Weak Reference
    _fp_trap_init                             - Undefined Weak Reference
    _fp_trap_shutdown                         - Undefined Weak Reference
    _get_lc_collate                           - Undefined Weak Reference
    _get_lc_ctype                             - Undefined Weak Reference
    _get_lc_monetary                          - Undefined Weak Reference
    _get_lc_numeric                           - Undefined Weak Reference
    _get_lc_time                              - Undefined Weak Reference
    _getenv_init                              - Undefined Weak Reference
    _handle_redirection                       - Undefined Weak Reference
    _init_alloc                               - Undefined Weak Reference
    _init_user_alloc                          - Undefined Weak Reference
    _initio                                   - Undefined Weak Reference
    _rand_init                                - Undefined Weak Reference
    _signal_finish                            - Undefined Weak Reference
    _signal_init                              - Undefined Weak Reference
    _terminate_alloc                          - Undefined Weak Reference
    _terminate_user_alloc                     - Undefined Weak Reference
    _terminateio                              - Undefined Weak Reference
    __Vectors_Size                           0x000001ac   Number         0  startup_stm32f427xx.o ABSOLUTE
    __Vectors                                0x08000000   Data           4  startup_stm32f427xx.o(RESET)
    __Vectors_End                            0x080001ac   Data           0  startup_stm32f427xx.o(RESET)
    __main                                   0x080001ad   Thumb Code     8  __main.o(!!!main)
    __scatterload                            0x080001b5   Thumb Code     0  __scatter.o(!!!scatter)
    __scatterload_rt2                        0x080001b5   Thumb Code    44  __scatter.o(!!!scatter)
    __scatterload_rt2_thumb_only             0x080001b5   Thumb Code     0  __scatter.o(!!!scatter)
    __scatterload_null                       0x080001c3   Thumb Code     0  __scatter.o(!!!scatter)
    __decompress                             0x080001e9   Thumb Code    90  __dczerorl2.o(!!dczerorl2)
    __decompress1                            0x080001e9   Thumb Code     0  __dczerorl2.o(!!dczerorl2)
    __scatterload_zeroinit                   0x08000245   Thumb Code    28  __scatter_zi.o(!!handler_zi)
    __rt_lib_init                            0x08000261   Thumb Code     0  libinit.o(.ARM.Collect$$libinit$$00000000)
    __rt_lib_init_fp_1                       0x08000263   Thumb Code     0  libinit2.o(.ARM.Collect$$libinit$$00000001)
    __rt_lib_init_alloca_1                   0x08000267   Thumb Code     0  libinit2.o(.ARM.Collect$$libinit$$0000002E)
    __rt_lib_init_argv_1                     0x08000267   Thumb Code     0  libinit2.o(.ARM.Collect$$libinit$$0000002C)
    __rt_lib_init_atexit_1                   0x08000267   Thumb Code     0  libinit2.o(.ARM.Collect$$libinit$$0000001B)
    __rt_lib_init_clock_1                    0x08000267   Thumb Code     0  libinit2.o(.ARM.Collect$$libinit$$00000021)
    __rt_lib_init_cpp_2                      0x08000267   Thumb Code     0  libinit2.o(.ARM.Collect$$libinit$$00000031)
    __rt_lib_init_exceptions_1               0x08000267   Thumb Code     0  libinit2.o(.ARM.Collect$$libinit$$00000030)
    __rt_lib_init_fp_trap_1                  0x08000267   Thumb Code     0  libinit2.o(.ARM.Collect$$libinit$$0000001F)
    __rt_lib_init_getenv_1                   0x08000267   Thumb Code     0  libinit2.o(.ARM.Collect$$libinit$$00000023)
    __rt_lib_init_heap_1                     0x08000267   Thumb Code     0  libinit2.o(.ARM.Collect$$libinit$$0000000A)
    __rt_lib_init_lc_collate_1               0x08000267   Thumb Code     0  libinit2.o(.ARM.Collect$$libinit$$00000011)
    __rt_lib_init_lc_ctype_1                 0x08000267   Thumb Code     0  libinit2.o(.ARM.Collect$$libinit$$00000013)
    __rt_lib_init_lc_monetary_1              0x08000267   Thumb Code     0  libinit2.o(.ARM.Collect$$libinit$$00000015)
    __rt_lib_init_lc_numeric_1               0x08000267   Thumb Code     0  libinit2.o(.ARM.Collect$$libinit$$00000017)
    __rt_lib_init_lc_time_1                  0x08000267   Thumb Code     0  libinit2.o(.ARM.Collect$$libinit$$00000019)
    __rt_lib_init_preinit_1                  0x08000267   Thumb Code     0  libinit2.o(.ARM.Collect$$libinit$$00000004)
    __rt_lib_init_rand_1                     0x08000267   Thumb Code     0  libinit2.o(.ARM.Collect$$libinit$$0000000E)
    __rt_lib_init_signal_1                   0x08000267   Thumb Code     0  libinit2.o(.ARM.Collect$$libinit$$0000001D)
    __rt_lib_init_stdio_1                    0x08000267   Thumb Code     0  libinit2.o(.ARM.Collect$$libinit$$00000025)
    __rt_lib_init_user_alloc_1               0x08000267   Thumb Code     0  libinit2.o(.ARM.Collect$$libinit$$0000000C)
    __rt_lib_init_cpp_1                      0x0800026b   Thumb Code     0  libinit2.o(.ARM.Collect$$libinit$$00000032)
    __rt_lib_init_return                     0x0800026b   Thumb Code     0  libinit2.o(.ARM.Collect$$libinit$$00000033)
    __rt_lib_shutdown                        0x0800026d   Thumb Code     0  libshutdown.o(.ARM.Collect$$libshutdown$$00000000)
    __rt_lib_shutdown_cpp_1                  0x0800026f   Thumb Code     0  libshutdown2.o(.ARM.Collect$$libshutdown$$00000004)
    __rt_lib_shutdown_fini_1                 0x0800026f   Thumb Code     0  libshutdown2.o(.ARM.Collect$$libshutdown$$00000002)
    __rt_lib_shutdown_fp_trap_1              0x0800026f   Thumb Code     0  libshutdown2.o(.ARM.Collect$$libshutdown$$00000009)
    __rt_lib_shutdown_heap_1                 0x0800026f   Thumb Code     0  libshutdown2.o(.ARM.Collect$$libshutdown$$00000011)
    __rt_lib_shutdown_return                 0x0800026f   Thumb Code     0  libshutdown2.o(.ARM.Collect$$libshutdown$$00000012)
    __rt_lib_shutdown_signal_1               0x0800026f   Thumb Code     0  libshutdown2.o(.ARM.Collect$$libshutdown$$0000000C)
    __rt_lib_shutdown_stdio_1                0x0800026f   Thumb Code     0  libshutdown2.o(.ARM.Collect$$libshutdown$$00000006)
    __rt_lib_shutdown_user_alloc_1           0x0800026f   Thumb Code     0  libshutdown2.o(.ARM.Collect$$libshutdown$$0000000E)
    __rt_entry                               0x08000271   Thumb Code     0  __rtentry.o(.ARM.Collect$$rtentry$$00000000)
    __rt_entry_presh_1                       0x08000271   Thumb Code     0  __rtentry2.o(.ARM.Collect$$rtentry$$00000002)
    __rt_entry_sh                            0x08000271   Thumb Code     0  __rtentry4.o(.ARM.Collect$$rtentry$$00000004)
    __rt_entry_li                            0x08000277   Thumb Code     0  __rtentry2.o(.ARM.Collect$$rtentry$$0000000A)
    __rt_entry_postsh_1                      0x08000277   Thumb Code     0  __rtentry2.o(.ARM.Collect$$rtentry$$00000009)
    __rt_entry_main                          0x0800027b   Thumb Code     0  __rtentry2.o(.ARM.Collect$$rtentry$$0000000D)
    __rt_entry_postli_1                      0x0800027b   Thumb Code     0  __rtentry2.o(.ARM.Collect$$rtentry$$0000000C)
    __rt_exit                                0x08000283   Thumb Code     0  rtexit.o(.ARM.Collect$$rtexit$$00000000)
    __rt_exit_ls                             0x08000285   Thumb Code     0  rtexit2.o(.ARM.Collect$$rtexit$$00000003)
    __rt_exit_prels_1                        0x08000285   Thumb Code     0  rtexit2.o(.ARM.Collect$$rtexit$$00000002)
    __rt_exit_exit                           0x08000289   Thumb Code     0  rtexit2.o(.ARM.Collect$$rtexit$$00000004)
    Reset_Handler                            0x08000291   Thumb Code     8  startup_stm32f427xx.o(.text)
    ADC_IRQHandler                           0x080002ab   Thumb Code     0  startup_stm32f427xx.o(.text)
    CAN1_SCE_IRQHandler                      0x080002ab   Thumb Code     0  startup_stm32f427xx.o(.text)
    CAN1_TX_IRQHandler                       0x080002ab   Thumb Code     0  startup_stm32f427xx.o(.text)
    CAN2_RX0_IRQHandler                      0x080002ab   Thumb Code     0  startup_stm32f427xx.o(.text)
    CAN2_RX1_IRQHandler                      0x080002ab   Thumb Code     0  startup_stm32f427xx.o(.text)
    CAN2_SCE_IRQHandler                      0x080002ab   Thumb Code     0  startup_stm32f427xx.o(.text)
    CAN2_TX_IRQHandler                       0x080002ab   Thumb Code     0  startup_stm32f427xx.o(.text)
    DCMI_IRQHandler                          0x080002ab   Thumb Code     0  startup_stm32f427xx.o(.text)
    DMA1_Stream0_IRQHandler                  0x080002ab   Thumb Code     0  startup_stm32f427xx.o(.text)
    DMA1_Stream1_IRQHandler                  0x080002ab   Thumb Code     0  startup_stm32f427xx.o(.text)
    DMA1_Stream2_IRQHandler                  0x080002ab   Thumb Code     0  startup_stm32f427xx.o(.text)
    DMA1_Stream3_IRQHandler                  0x080002ab   Thumb Code     0  startup_stm32f427xx.o(.text)
    DMA1_Stream4_IRQHandler                  0x080002ab   Thumb Code     0  startup_stm32f427xx.o(.text)
    DMA1_Stream5_IRQHandler                  0x080002ab   Thumb Code     0  startup_stm32f427xx.o(.text)
    DMA1_Stream6_IRQHandler                  0x080002ab   Thumb Code     0  startup_stm32f427xx.o(.text)
    DMA1_Stream7_IRQHandler                  0x080002ab   Thumb Code     0  startup_stm32f427xx.o(.text)
    DMA2D_IRQHandler                         0x080002ab   Thumb Code     0  startup_stm32f427xx.o(.text)
    DMA2_Stream0_IRQHandler                  0x080002ab   Thumb Code     0  startup_stm32f427xx.o(.text)
    DMA2_Stream1_IRQHandler                  0x080002ab   Thumb Code     0  startup_stm32f427xx.o(.text)
    DMA2_Stream2_IRQHandler                  0x080002ab   Thumb Code     0  startup_stm32f427xx.o(.text)
    DMA2_Stream3_IRQHandler                  0x080002ab   Thumb Code     0  startup_stm32f427xx.o(.text)
    DMA2_Stream4_IRQHandler                  0x080002ab   Thumb Code     0  startup_stm32f427xx.o(.text)
    DMA2_Stream5_IRQHandler                  0x080002ab   Thumb Code     0  startup_stm32f427xx.o(.text)
    DMA2_Stream6_IRQHandler                  0x080002ab   Thumb Code     0  startup_stm32f427xx.o(.text)
    DMA2_Stream7_IRQHandler                  0x080002ab   Thumb Code     0  startup_stm32f427xx.o(.text)
    ETH_IRQHandler                           0x080002ab   Thumb Code     0  startup_stm32f427xx.o(.text)
    ETH_WKUP_IRQHandler                      0x080002ab   Thumb Code     0  startup_stm32f427xx.o(.text)
    EXTI0_IRQHandler                         0x080002ab   Thumb Code     0  startup_stm32f427xx.o(.text)
    EXTI15_10_IRQHandler                     0x080002ab   Thumb Code     0  startup_stm32f427xx.o(.text)
    EXTI1_IRQHandler                         0x080002ab   Thumb Code     0  startup_stm32f427xx.o(.text)
    EXTI2_IRQHandler                         0x080002ab   Thumb Code     0  startup_stm32f427xx.o(.text)
    EXTI3_IRQHandler                         0x080002ab   Thumb Code     0  startup_stm32f427xx.o(.text)
    EXTI4_IRQHandler                         0x080002ab   Thumb Code     0  startup_stm32f427xx.o(.text)
    EXTI9_5_IRQHandler                       0x080002ab   Thumb Code     0  startup_stm32f427xx.o(.text)
    FLASH_IRQHandler                         0x080002ab   Thumb Code     0  startup_stm32f427xx.o(.text)
    FMC_IRQHandler                           0x080002ab   Thumb Code     0  startup_stm32f427xx.o(.text)
    FPU_IRQHandler                           0x080002ab   Thumb Code     0  startup_stm32f427xx.o(.text)
    HASH_RNG_IRQHandler                      0x080002ab   Thumb Code     0  startup_stm32f427xx.o(.text)
    I2C1_ER_IRQHandler                       0x080002ab   Thumb Code     0  startup_stm32f427xx.o(.text)
    I2C1_EV_IRQHandler                       0x080002ab   Thumb Code     0  startup_stm32f427xx.o(.text)
    I2C2_ER_IRQHandler                       0x080002ab   Thumb Code     0  startup_stm32f427xx.o(.text)
    I2C2_EV_IRQHandler                       0x080002ab   Thumb Code     0  startup_stm32f427xx.o(.text)
    I2C3_ER_IRQHandler                       0x080002ab   Thumb Code     0  startup_stm32f427xx.o(.text)
    I2C3_EV_IRQHandler                       0x080002ab   Thumb Code     0  startup_stm32f427xx.o(.text)
    OTG_FS_IRQHandler                        0x080002ab   Thumb Code     0  startup_stm32f427xx.o(.text)
    OTG_FS_WKUP_IRQHandler                   0x080002ab   Thumb Code     0  startup_stm32f427xx.o(.text)
    OTG_HS_EP1_IN_IRQHandler                 0x080002ab   Thumb Code     0  startup_stm32f427xx.o(.text)
    OTG_HS_EP1_OUT_IRQHandler                0x080002ab   Thumb Code     0  startup_stm32f427xx.o(.text)
    OTG_HS_IRQHandler                        0x080002ab   Thumb Code     0  startup_stm32f427xx.o(.text)
    OTG_HS_WKUP_IRQHandler                   0x080002ab   Thumb Code     0  startup_stm32f427xx.o(.text)
    PVD_IRQHandler                           0x080002ab   Thumb Code     0  startup_stm32f427xx.o(.text)
    RCC_IRQHandler                           0x080002ab   Thumb Code     0  startup_stm32f427xx.o(.text)
    RTC_Alarm_IRQHandler                     0x080002ab   Thumb Code     0  startup_stm32f427xx.o(.text)
    RTC_WKUP_IRQHandler                      0x080002ab   Thumb Code     0  startup_stm32f427xx.o(.text)
    SAI1_IRQHandler                          0x080002ab   Thumb Code     0  startup_stm32f427xx.o(.text)
    SDIO_IRQHandler                          0x080002ab   Thumb Code     0  startup_stm32f427xx.o(.text)
    SPI1_IRQHandler                          0x080002ab   Thumb Code     0  startup_stm32f427xx.o(.text)
    SPI2_IRQHandler                          0x080002ab   Thumb Code     0  startup_stm32f427xx.o(.text)
    SPI3_IRQHandler                          0x080002ab   Thumb Code     0  startup_stm32f427xx.o(.text)
    SPI4_IRQHandler                          0x080002ab   Thumb Code     0  startup_stm32f427xx.o(.text)
    SPI5_IRQHandler                          0x080002ab   Thumb Code     0  startup_stm32f427xx.o(.text)
    SPI6_IRQHandler                          0x080002ab   Thumb Code     0  startup_stm32f427xx.o(.text)
    TAMP_STAMP_IRQHandler                    0x080002ab   Thumb Code     0  startup_stm32f427xx.o(.text)
    TIM1_BRK_TIM9_IRQHandler                 0x080002ab   Thumb Code     0  startup_stm32f427xx.o(.text)
    TIM1_CC_IRQHandler                       0x080002ab   Thumb Code     0  startup_stm32f427xx.o(.text)
    TIM1_TRG_COM_TIM11_IRQHandler            0x080002ab   Thumb Code     0  startup_stm32f427xx.o(.text)
    TIM1_UP_TIM10_IRQHandler                 0x080002ab   Thumb Code     0  startup_stm32f427xx.o(.text)
    TIM2_IRQHandler                          0x080002ab   Thumb Code     0  startup_stm32f427xx.o(.text)
    TIM3_IRQHandler                          0x080002ab   Thumb Code     0  startup_stm32f427xx.o(.text)
    TIM4_IRQHandler                          0x080002ab   Thumb Code     0  startup_stm32f427xx.o(.text)
    TIM5_IRQHandler                          0x080002ab   Thumb Code     0  startup_stm32f427xx.o(.text)
    TIM6_DAC_IRQHandler                      0x080002ab   Thumb Code     0  startup_stm32f427xx.o(.text)
    TIM7_IRQHandler                          0x080002ab   Thumb Code     0  startup_stm32f427xx.o(.text)
    TIM8_BRK_TIM12_IRQHandler                0x080002ab   Thumb Code     0  startup_stm32f427xx.o(.text)
    TIM8_CC_IRQHandler                       0x080002ab   Thumb Code     0  startup_stm32f427xx.o(.text)
    TIM8_TRG_COM_TIM14_IRQHandler            0x080002ab   Thumb Code     0  startup_stm32f427xx.o(.text)
    TIM8_UP_TIM13_IRQHandler                 0x080002ab   Thumb Code     0  startup_stm32f427xx.o(.text)
    UART4_IRQHandler                         0x080002ab   Thumb Code     0  startup_stm32f427xx.o(.text)
    UART5_IRQHandler                         0x080002ab   Thumb Code     0  startup_stm32f427xx.o(.text)
    UART7_IRQHandler                         0x080002ab   Thumb Code     0  startup_stm32f427xx.o(.text)
    UART8_IRQHandler                         0x080002ab   Thumb Code     0  startup_stm32f427xx.o(.text)
    USART1_IRQHandler                        0x080002ab   Thumb Code     0  startup_stm32f427xx.o(.text)
    USART3_IRQHandler                        0x080002ab   Thumb Code     0  startup_stm32f427xx.o(.text)
    WWDG_IRQHandler                          0x080002ab   Thumb Code     0  startup_stm32f427xx.o(.text)
    __user_initial_stackheap                 0x080002ad   Thumb Code     0  startup_stm32f427xx.o(.text)
    __aeabi_uldivmod                         0x080002d1   Thumb Code     0  lludivv7m.o(.text)
    _ll_udiv                                 0x080002d1   Thumb Code   238  lludivv7m.o(.text)
    __aeabi_memclr4                          0x080003bf   Thumb Code     0  rt_memclr_w.o(.text)
    __aeabi_memclr8                          0x080003bf   Thumb Code     0  rt_memclr_w.o(.text)
    __rt_memclr_w                            0x080003bf   Thumb Code    78  rt_memclr_w.o(.text)
    _memset_w                                0x080003c3   Thumb Code     0  rt_memclr_w.o(.text)
    __use_two_region_memory                  0x0800040d   Thumb Code     2  heapauxi.o(.text)
    __rt_heap_escrow$2region                 0x0800040f   Thumb Code     2  heapauxi.o(.text)
    __rt_heap_expand$2region                 0x08000411   Thumb Code     2  heapauxi.o(.text)
    __cpp_initialize__aeabi_                 0x08000415   Thumb Code    26  init_aeabi.o(.text)
    __user_libspace                          0x08000439   Thumb Code     8  libspace.o(.text)
    __user_perproc_libspace                  0x08000439   Thumb Code     0  libspace.o(.text)
    __user_perthread_libspace                0x08000439   Thumb Code     0  libspace.o(.text)
    __user_setup_stackheap                   0x08000441   Thumb Code    74  sys_stackheap_outer.o(.text)
    exit                                     0x0800048b   Thumb Code    18  exit.o(.text)
    _sys_exit                                0x0800049d   Thumb Code     8  sys_exit.o(.text)
    __I$use$semihosting                      0x080004a9   Thumb Code     0  use_no_semi.o(.text)
    __use_no_semihosting_swi                 0x080004a9   Thumb Code     2  use_no_semi.o(.text)
    BusFault_Handler                         0x080004ab   Thumb Code     4  stm32f4xx_it.o(i.BusFault_Handler)
    __semihosting_library_function           0x080004ab   Thumb Code     0  indicate_semi.o(.text)
    CAN1_RX0_IRQHandler                      0x080004b1   Thumb Code    10  stm32f4xx_it.o(i.CAN1_RX0_IRQHandler)
    CAN1_RX1_IRQHandler                      0x080004c1   Thumb Code    10  stm32f4xx_it.o(i.CAN1_RX1_IRQHandler)
    DebugMon_Handler                         0x080004d1   Thumb Code     2  stm32f4xx_it.o(i.DebugMon_Handler)
    Error_Handler                            0x080004d3   Thumb Code     6  main.o(i.Error_Handler)
    HAL_CAN_AddTxMessage                     0x080004d9   Thumb Code   330  stm32f4xx_hal_can.o(i.HAL_CAN_AddTxMessage)
    HAL_CAN_ConfigFilter                     0x08000625   Thumb Code   286  stm32f4xx_hal_can.o(i.HAL_CAN_ConfigFilter)
    HAL_CAN_ErrorCallback                    0x08000749   Thumb Code     2  stm32f4xx_hal_can.o(i.HAL_CAN_ErrorCallback)
    HAL_CAN_GetRxMessage                     0x0800074b   Thumb Code   404  stm32f4xx_hal_can.o(i.HAL_CAN_GetRxMessage)
    HAL_CAN_IRQHandler                       0x080008df   Thumb Code   590  stm32f4xx_hal_can.o(i.HAL_CAN_IRQHandler)
    HAL_CAN_Init                             0x08000b2d   Thumb Code   372  stm32f4xx_hal_can.o(i.HAL_CAN_Init)
    HAL_CAN_MspInit                          0x08000ca1   Thumb Code   154  can.o(i.HAL_CAN_MspInit)
    HAL_CAN_RxFifo0FullCallback              0x08000d49   Thumb Code     2  stm32f4xx_hal_can.o(i.HAL_CAN_RxFifo0FullCallback)
    HAL_CAN_RxFifo0MsgPendingCallback        0x08000d4d   Thumb Code    72  drv_can.o(i.HAL_CAN_RxFifo0MsgPendingCallback)
    HAL_CAN_RxFifo1FullCallback              0x08000da5   Thumb Code     2  stm32f4xx_hal_can.o(i.HAL_CAN_RxFifo1FullCallback)
    HAL_CAN_RxFifo1MsgPendingCallback        0x08000da9   Thumb Code    72  drv_can.o(i.HAL_CAN_RxFifo1MsgPendingCallback)
    HAL_CAN_SleepCallback                    0x08000e01   Thumb Code     2  stm32f4xx_hal_can.o(i.HAL_CAN_SleepCallback)
    HAL_CAN_Start                            0x08000e03   Thumb Code    94  stm32f4xx_hal_can.o(i.HAL_CAN_Start)
    HAL_CAN_TxMailbox0AbortCallback          0x08000e61   Thumb Code     2  stm32f4xx_hal_can.o(i.HAL_CAN_TxMailbox0AbortCallback)
    HAL_CAN_TxMailbox0CompleteCallback       0x08000e63   Thumb Code     2  stm32f4xx_hal_can.o(i.HAL_CAN_TxMailbox0CompleteCallback)
    HAL_CAN_TxMailbox1AbortCallback          0x08000e65   Thumb Code     2  stm32f4xx_hal_can.o(i.HAL_CAN_TxMailbox1AbortCallback)
    HAL_CAN_TxMailbox1CompleteCallback       0x08000e67   Thumb Code     2  stm32f4xx_hal_can.o(i.HAL_CAN_TxMailbox1CompleteCallback)
    HAL_CAN_TxMailbox2AbortCallback          0x08000e69   Thumb Code     2  stm32f4xx_hal_can.o(i.HAL_CAN_TxMailbox2AbortCallback)
    HAL_CAN_TxMailbox2CompleteCallback       0x08000e6b   Thumb Code     2  stm32f4xx_hal_can.o(i.HAL_CAN_TxMailbox2CompleteCallback)
    HAL_CAN_WakeUpFromRxMsgCallback          0x08000e6d   Thumb Code     2  stm32f4xx_hal_can.o(i.HAL_CAN_WakeUpFromRxMsgCallback)
    HAL_DMA_Abort                            0x08000e6f   Thumb Code   172  stm32f4xx_hal_dma.o(i.HAL_DMA_Abort)
    HAL_DMA_Abort_IT                         0x08000f1b   Thumb Code    40  stm32f4xx_hal_dma.o(i.HAL_DMA_Abort_IT)
    HAL_DMA_Start_IT                         0x08000f43   Thumb Code   146  stm32f4xx_hal_dma.o(i.HAL_DMA_Start_IT)
    HAL_Delay                                0x08000fd5   Thumb Code    36  stm32f4xx_hal.o(i.HAL_Delay)
    HAL_GPIO_Init                            0x08000ffd   Thumb Code   474  stm32f4xx_hal_gpio.o(i.HAL_GPIO_Init)
    HAL_GPIO_WritePin                        0x0800120d   Thumb Code    12  stm32f4xx_hal_gpio.o(i.HAL_GPIO_WritePin)
    HAL_GetTick                              0x08001219   Thumb Code     6  stm32f4xx_hal.o(i.HAL_GetTick)
    HAL_IncTick                              0x08001225   Thumb Code    16  stm32f4xx_hal.o(i.HAL_IncTick)
    HAL_Init                                 0x0800123d   Thumb Code    54  stm32f4xx_hal.o(i.HAL_Init)
    HAL_InitTick                             0x08001279   Thumb Code    64  stm32f4xx_hal.o(i.HAL_InitTick)
    HAL_MspInit                              0x080012c5   Thumb Code    68  stm32f4xx_hal_msp.o(i.HAL_MspInit)
    HAL_NVIC_EnableIRQ                       0x0800130d   Thumb Code    40  stm32f4xx_hal_cortex.o(i.HAL_NVIC_EnableIRQ)
    HAL_NVIC_SetPriority                     0x08001335   Thumb Code   124  stm32f4xx_hal_cortex.o(i.HAL_NVIC_SetPriority)
    HAL_NVIC_SetPriorityGrouping             0x080013b1   Thumb Code    32  stm32f4xx_hal_cortex.o(i.HAL_NVIC_SetPriorityGrouping)
    HAL_PWREx_EnableOverDrive                0x080013d9   Thumb Code   128  stm32f4xx_hal_pwr_ex.o(i.HAL_PWREx_EnableOverDrive)
    HAL_RCC_ClockConfig                      0x08001465   Thumb Code   368  stm32f4xx_hal_rcc.o(i.HAL_RCC_ClockConfig)
    HAL_RCC_GetHCLKFreq                      0x080015e9   Thumb Code     6  stm32f4xx_hal_rcc.o(i.HAL_RCC_GetHCLKFreq)
    HAL_RCC_GetPCLK1Freq                     0x080015f5   Thumb Code    22  stm32f4xx_hal_rcc.o(i.HAL_RCC_GetPCLK1Freq)
    HAL_RCC_GetPCLK2Freq                     0x08001615   Thumb Code    22  stm32f4xx_hal_rcc.o(i.HAL_RCC_GetPCLK2Freq)
    HAL_RCC_GetSysClockFreq                  0x08001635   Thumb Code   162  stm32f4xx_hal_rcc.o(i.HAL_RCC_GetSysClockFreq)
    HAL_RCC_OscConfig                        0x080016e5   Thumb Code  1172  stm32f4xx_hal_rcc.o(i.HAL_RCC_OscConfig)
    HAL_SYSTICK_Config                       0x08001b81   Thumb Code    52  stm32f4xx_hal_cortex.o(i.HAL_SYSTICK_Config)
    HAL_TIMEx_MasterConfigSynchronization    0x08001bb5   Thumb Code   150  stm32f4xx_hal_tim_ex.o(i.HAL_TIMEx_MasterConfigSynchronization)
    HAL_TIM_Base_Init                        0x08001c69   Thumb Code   102  stm32f4xx_hal_tim.o(i.HAL_TIM_Base_Init)
    HAL_TIM_Base_MspInit                     0x08001cd1   Thumb Code    44  tim.o(i.HAL_TIM_Base_MspInit)
    HAL_TIM_ConfigClockSource                0x08001d01   Thumb Code   268  stm32f4xx_hal_tim.o(i.HAL_TIM_ConfigClockSource)
    HAL_TIM_MspPostInit                      0x08001e0d   Thumb Code    84  tim.o(i.HAL_TIM_MspPostInit)
    HAL_TIM_PWM_ConfigChannel                0x08001e69   Thumb Code   260  stm32f4xx_hal_tim.o(i.HAL_TIM_PWM_ConfigChannel)
    HAL_TIM_PWM_Init                         0x08001f6d   Thumb Code   102  stm32f4xx_hal_tim.o(i.HAL_TIM_PWM_Init)
    HAL_TIM_PWM_MspInit                      0x08001fd3   Thumb Code     2  stm32f4xx_hal_tim.o(i.HAL_TIM_PWM_MspInit)
    HAL_TIM_PWM_Start                        0x08001fd5   Thumb Code   238  stm32f4xx_hal_tim.o(i.HAL_TIM_PWM_Start)
    HAL_UARTEx_ReceiveToIdle_DMA             0x080020e1   Thumb Code   114  stm32f4xx_hal_uart.o(i.HAL_UARTEx_ReceiveToIdle_DMA)
    HAL_UARTEx_RxEventCallback               0x08002155   Thumb Code   326  drv_uart.o(i.HAL_UARTEx_RxEventCallback)
    HAL_UART_ErrorCallback                   0x080022dd   Thumb Code     2  stm32f4xx_hal_uart.o(i.HAL_UART_ErrorCallback)
    HAL_UART_IRQHandler                      0x080022e1   Thumb Code   740  stm32f4xx_hal_uart.o(i.HAL_UART_IRQHandler)
    HAL_UART_Init                            0x080025c9   Thumb Code   118  stm32f4xx_hal_uart.o(i.HAL_UART_Init)
    HAL_UART_MspInit                         0x08002641   Thumb Code   140  usart.o(i.HAL_UART_MspInit)
    HAL_UART_Receive_IT                      0x080026d9   Thumb Code    44  stm32f4xx_hal_uart.o(i.HAL_UART_Receive_IT)
    HAL_UART_RxCpltCallback                  0x08002705   Thumb Code   158  main.o(i.HAL_UART_RxCpltCallback)
    HAL_UART_RxHalfCpltCallback              0x080027bd   Thumb Code     2  stm32f4xx_hal_uart.o(i.HAL_UART_RxHalfCpltCallback)
    HAL_UART_TxCpltCallback                  0x080027bf   Thumb Code     2  stm32f4xx_hal_uart.o(i.HAL_UART_TxCpltCallback)
    HardFault_Handler                        0x080027c1   Thumb Code     4  stm32f4xx_it.o(i.HardFault_Handler)
    MX_CAN1_Init                             0x080027c5   Thumb Code    60  can.o(i.MX_CAN1_Init)
    MX_DMA_Init                              0x08002809   Thumb Code    68  dma.o(i.MX_DMA_Init)
    MX_GPIO_Init                             0x08002851   Thumb Code   172  gpio.o(i.MX_GPIO_Init)
    MX_TIM2_Init                             0x08002905   Thumb Code   192  tim.o(i.MX_TIM2_Init)
    MX_USART6_UART_Init                      0x080029c9   Thumb Code    46  usart.o(i.MX_USART6_UART_Init)
    MemManage_Handler                        0x08002a01   Thumb Code     4  stm32f4xx_it.o(i.MemManage_Handler)
    NMI_Handler                              0x08002a05   Thumb Code     4  stm32f4xx_it.o(i.NMI_Handler)
    PendSV_Handler                           0x08002a09   Thumb Code     2  stm32f4xx_it.o(i.PendSV_Handler)
    SVC_Handler                              0x08002a0b   Thumb Code     2  stm32f4xx_it.o(i.SVC_Handler)
    SysTick_Handler                          0x08002a0d   Thumb Code     8  stm32f4xx_it.o(i.SysTick_Handler)
    SystemInit                               0x08002a15   Thumb Code    14  system_stm32f4xx.o(i.SystemInit)
    TIM_Base_SetConfig                       0x08002a29   Thumb Code   170  stm32f4xx_hal_tim.o(i.TIM_Base_SetConfig)
    TIM_CCxChannelCmd                        0x08002b01   Thumb Code    34  stm32f4xx_hal_tim.o(i.TIM_CCxChannelCmd)
    TIM_ETR_SetConfig                        0x08002b23   Thumb Code    22  stm32f4xx_hal_tim.o(i.TIM_ETR_SetConfig)
    TIM_OC2_SetConfig                        0x08002b39   Thumb Code   114  stm32f4xx_hal_tim.o(i.TIM_OC2_SetConfig)
    UART_Start_Receive_DMA                   0x08002bb5   Thumb Code   186  stm32f4xx_hal_uart.o(i.UART_Start_Receive_DMA)
    UART_Start_Receive_IT                    0x08002c7d   Thumb Code    64  stm32f4xx_hal_uart.o(i.UART_Start_Receive_IT)
    USART2_IRQHandler                        0x08002cbd   Thumb Code     2  stm32f4xx_it.o(i.USART2_IRQHandler)
    USART6_IRQHandler                        0x08002cc1   Thumb Code    10  stm32f4xx_it.o(i.USART6_IRQHandler)
    UsageFault_Handler                       0x08002cd1   Thumb Code     4  stm32f4xx_it.o(i.UsageFault_Handler)
    BSP_DC24_LD(Enum_BSP_DC24_Status)        0x08002cd5   Thumb Code    16  drv_bsp.o(i._Z11BSP_DC24_LD20Enum_BSP_DC24_Status)
    BSP_DC24_LU(Enum_BSP_DC24_Status)        0x08002ce9   Thumb Code    16  drv_bsp.o(i._Z11BSP_DC24_LU20Enum_BSP_DC24_Status)
    BSP_DC24_RD(Enum_BSP_DC24_Status)        0x08002cfd   Thumb Code    16  drv_bsp.o(i._Z11BSP_DC24_RD20Enum_BSP_DC24_Status)
    BSP_DC24_RU(Enum_BSP_DC24_Status)        0x08002d11   Thumb Code    16  drv_bsp.o(i._Z11BSP_DC24_RU20Enum_BSP_DC24_Status)
    CAN_Send_Data(CAN_HandleTypeDef*, unsigned short, unsigned char*, unsigned short) 0x08002d25   Thumb Code    40  drv_can.o(i._Z13CAN_Send_DataP17CAN_HandleTypeDeftPht)
    arm_control_once(unsigned char)          0x08002d4d   Thumb Code   522  main.o(i._Z16arm_control_onceh)
    set_motors_angle(arm_State*)             0x08002f8d   Thumb Code    44  main.o(i._Z16set_motors_angleP9arm_State)
    set_motors_speed(arm_State*)             0x08002fbd   Thumb Code    44  main.o(i._Z16set_motors_speedP9arm_State)
    Math_Float_To_Int(float, float, float, int, int) 0x08002fed   Thumb Code    50  drv_math.o(i._Z17Math_Float_To_Intfffii)
    Math_Int_To_Float(int, int, int, float, float) 0x0800301f   Thumb Code    50  drv_math.o(i._Z17Math_Int_To_Floatiiiff)
    motor_state_chage(float*, float*)        0x08003051   Thumb Code   516  main.o(i._Z17motor_state_chagePfS_)
    SystemClock_Config()                     0x08003281   Thumb Code   180  main.o(i._Z18SystemClock_Configv)
    CAN_Motor_Call_Back(Struct_CAN_Rx_Buffer*) 0x0800333d   Thumb Code    88  main.o(i._Z19CAN_Motor_Call_BackP20Struct_CAN_Rx_Buffer)
    CAN_Filter_Mask_Config(CAN_HandleTypeDef*, unsigned char, unsigned, unsigned) 0x080033a9   Thumb Code   110  drv_can.o(i._Z22CAN_Filter_Mask_ConfigP17CAN_HandleTypeDefhjj)
    Math_Endian_Reverse_16(void*, void*)     0x08003417   Thumb Code    34  drv_math.o(i._Z22Math_Endian_Reverse_16PvS_)
    BSP_Init(unsigned, float, float)         0x08003439   Thumb Code   154  drv_bsp.o(i._Z8BSP_Initjff)
    CAN_Init(CAN_HandleTypeDef*, void(*)(Struct_CAN_Rx_Buffer*)) 0x080034d5   Thumb Code   116  drv_can.o(i._Z8CAN_InitP17CAN_HandleTypeDefPFvP20Struct_CAN_Rx_BufferE)
    set_PWM1(unsigned char)                  0x08003559   Thumb Code    28  main.o(i._Z8set_PWM1h)
    set_PWM2(unsigned char)                  0x08003579   Thumb Code    26  main.o(i._Z8set_PWM2h)
    set_PWM3(unsigned char)                  0x08003599   Thumb Code    28  main.o(i._Z8set_PWM3h)
    BSP_LED_1(Enum_BSP_LED_Status)           0x080035b9   Thumb Code    16  drv_bsp.o(i._Z9BSP_LED_119Enum_BSP_LED_Status)
    BSP_LED_2(Enum_BSP_LED_Status)           0x080035cd   Thumb Code    16  drv_bsp.o(i._Z9BSP_LED_219Enum_BSP_LED_Status)
    BSP_LED_3(Enum_BSP_LED_Status)           0x080035e1   Thumb Code    16  drv_bsp.o(i._Z9BSP_LED_319Enum_BSP_LED_Status)
    BSP_LED_4(Enum_BSP_LED_Status)           0x080035f5   Thumb Code    16  drv_bsp.o(i._Z9BSP_LED_419Enum_BSP_LED_Status)
    BSP_LED_5(Enum_BSP_LED_Status)           0x08003609   Thumb Code    16  drv_bsp.o(i._Z9BSP_LED_519Enum_BSP_LED_Status)
    BSP_LED_6(Enum_BSP_LED_Status)           0x0800361d   Thumb Code    16  drv_bsp.o(i._Z9BSP_LED_619Enum_BSP_LED_Status)
    BSP_LED_7(Enum_BSP_LED_Status)           0x08003631   Thumb Code    16  drv_bsp.o(i._Z9BSP_LED_719Enum_BSP_LED_Status)
    BSP_LED_8(Enum_BSP_LED_Status)           0x08003645   Thumb Code    18  drv_bsp.o(i._Z9BSP_LED_819Enum_BSP_LED_Status)
    BSP_LED_G(Enum_BSP_LED_Status)           0x0800365d   Thumb Code    18  drv_bsp.o(i._Z9BSP_LED_G19Enum_BSP_LED_Status)
    BSP_LED_R(Enum_BSP_LED_Status)           0x08003675   Thumb Code    18  drv_bsp.o(i._Z9BSP_LED_R19Enum_BSP_LED_Status)
    Class_Motor_DM_Normal::Data_Process()    0x0800368d   Thumb Code   270  dvc_motor_dm.o(i._ZN21Class_Motor_DM_Normal12Data_ProcessEv)
    Class_Motor_DM_Normal::CAN_Send_Enter()  0x080037a9   Thumb Code    20  dvc_motor_dm.o(i._ZN21Class_Motor_DM_Normal14CAN_Send_EnterEv)
    Class_Motor_DM_Normal::Set_Control_Angle(float) 0x080037c1   Thumb Code     6  main.o(i._ZN21Class_Motor_DM_Normal17Set_Control_AngleEf)
    Class_Motor_DM_Normal::Set_Control_Omega(float) 0x080037c7   Thumb Code     6  main.o(i._ZN21Class_Motor_DM_Normal17Set_Control_OmegaEf)
    Class_Motor_DM_Normal::CAN_RxCpltCallback(unsigned char*) 0x080037cd   Thumb Code    20  dvc_motor_dm.o(i._ZN21Class_Motor_DM_Normal18CAN_RxCpltCallbackEPh)
    Class_Motor_DM_Normal::CAN_Send_Clear_Error() 0x080037e1   Thumb Code    20  dvc_motor_dm.o(i._ZN21Class_Motor_DM_Normal20CAN_Send_Clear_ErrorEv)
    Class_Motor_DM_Normal::TIM_Send_PeriodElapsedCallback() 0x080037f9   Thumb Code   186  dvc_motor_dm.o(i._ZN21Class_Motor_DM_Normal30TIM_Send_PeriodElapsedCallbackEv)
    Class_Motor_DM_Normal::TIM_Alive_PeriodElapsedCallback() 0x080038bd   Thumb Code    44  dvc_motor_dm.o(i._ZN21Class_Motor_DM_Normal31TIM_Alive_PeriodElapsedCallbackEv)
    Class_Motor_DM_Normal::Init(CAN_HandleTypeDef*, unsigned char, unsigned char, Enum_Motor_DM_Control_Method, float, float, float, float) 0x080038e9   Thumb Code   100  dvc_motor_dm.o(i._ZN21Class_Motor_DM_Normal4InitEP17CAN_HandleTypeDefhh28Enum_Motor_DM_Control_Methodffff)
    Class_Motor_DM_Normal::Output()          0x0800395d   Thumb Code   392  dvc_motor_dm.o(i._ZN21Class_Motor_DM_Normal6OutputEv)
    Class_Motor_DM_Normal::Class_Motor_DM_Normal() 0x08003af5   Thumb Code    64  main.o(i._ZN21Class_Motor_DM_NormalC1Ev)
    Class_Motor_DM_Normal::Class_Motor_DM_Normal__sub_object() 0x08003af5   Thumb Code     0  main.o(i._ZN21Class_Motor_DM_NormalC1Ev)
    main                                     0x08004305   Thumb Code   386  main.o(i.main)
    T1 Math_Constrain<float>(T1*, T1, T1)    0x080044dd   Thumb Code    48  alg_pid.o(t._Z14Math_ConstrainIfET_PS0_S0_S0_)
    _fp_init                                 0x0800450d   Thumb Code    10  fpinit.o(x$fpl$fpinit)
    __fplib_config_fpu_vfp                   0x08004515   Thumb Code     0  fpinit.o(x$fpl$fpinit)
    __fplib_config_pureend_doubles           0x08004515   Thumb Code     0  fpinit.o(x$fpl$fpinit)
    AHBPrescTable                            0x08004516   Data          16  system_stm32f4xx.o(.constdata)
    APBPrescTable                            0x08004526   Data           8  system_stm32f4xx.o(.constdata)
    Region$$Table$$Base                      0x08004530   Number         0  anon$$obj.o(Region$$Table)
    Region$$Table$$Limit                     0x08004550   Number         0  anon$$obj.o(Region$$Table)
    SHT$$INIT_ARRAY$$Base                    0x08004550   Number         0  main.o(.init_array)
    SHT$$INIT_ARRAY$$Limit                   0x08004554   Number         0  init_aeabi.o(.init_array)
    DM_Motor_CAN_Message_Clear_Error         0x20000000   Data           8  dvc_motor_dm.o(.data)
    DM_Motor_CAN_Message_Enter               0x20000008   Data           8  dvc_motor_dm.o(.data)
    DM_Motor_CAN_Message_Exit                0x20000010   Data           8  dvc_motor_dm.o(.data)
    DM_Motor_CAN_Message_Save_Zero           0x20000018   Data           8  dvc_motor_dm.o(.data)
    Counter                                  0x20000020   Data           4  main.o(.data)
    ID_now                                   0x200001b4   Data           1  main.o(.data)
    ID_last                                  0x200001b5   Data           1  main.o(.data)
    state_choose_flag                        0x200001b6   Data           1  main.o(.data)
    bin_choose_flag                          0x200001b7   Data           1  main.o(.data)
    set_speed                                0x200001b8   Data          20  main.o(.data)
    arm_state_lock                           0x200001cc   Data           1  main.o(.data)
    arm_processing_lock                      0x200001cd   Data           1  main.o(.data)
    arm_state_process                        0x200001ce   Data           1  main.o(.data)
    turn_flag                                0x200001cf   Data           1  main.o(.data)
    RecieveBuffer                            0x200001d0   Data           1  main.o(.data)
    data_receive2                            0x200001d1   Data           4  main.o(.data)
    CO2Buffer                                0x200001d5   Data           4  main.o(.data)
    RxLine                                   0x200001d9   Data           1  main.o(.data)
    is_moving                                0x200001da   Data           1  main.o(.data)
    ID_                                      0x200001db   Data           1  main.o(.data)
    state                                    0x200001dc   Data         504  main.o(.data)
    uwTick                                   0x200003d8   Data           4  stm32f4xx_hal.o(.data)
    uwTickPrio                               0x200003dc   Data           4  stm32f4xx_hal.o(.data)
    uwTickFreq                               0x200003e0   Data           1  stm32f4xx_hal.o(.data)
    SystemCoreClock                          0x200003e4   Data           4  system_stm32f4xx.o(.data)
    UART1_Manage_Object                      0x200003e8   Data         524  drv_uart.o(.bss)
    UART2_Manage_Object                      0x200005f4   Data         524  drv_uart.o(.bss)
    UART3_Manage_Object                      0x20000800   Data         524  drv_uart.o(.bss)
    UART4_Manage_Object                      0x20000a0c   Data         524  drv_uart.o(.bss)
    UART5_Manage_Object                      0x20000c18   Data         524  drv_uart.o(.bss)
    UART6_Manage_Object                      0x20000e24   Data         524  drv_uart.o(.bss)
    UART7_Manage_Object                      0x20001030   Data         524  drv_uart.o(.bss)
    UART8_Manage_Object                      0x2000123c   Data         524  drv_uart.o(.bss)
    CAN1_Manage_Object                       0x20001448   Data          44  drv_can.o(.bss)
    CAN2_Manage_Object                       0x20001474   Data          44  drv_can.o(.bss)
    serialplot                               0x200014a0   Data          72  main.o(.bss)
    motor1                                   0x200014e8   Data         108  main.o(.bss)
    motor2                                   0x20001554   Data         108  main.o(.bss)
    motor3                                   0x200015c0   Data         108  main.o(.bss)
    motor4                                   0x2000162c   Data         108  main.o(.bss)
    motor5                                   0x20001698   Data         108  main.o(.bss)
    set_angle                                0x20001704   Data          20  main.o(.bss)
    hcan1                                    0x20001740   Data          40  can.o(.bss)
    huart6                                   0x20001768   Data          72  usart.o(.bss)
    htim2                                    0x200017b0   Data          72  tim.o(.bss)
    __libspace_start                         0x200017f8   Data          96  libspace.o(.bss)
    __temporary_stack_top$libspace           0x20001858   Data           0  libspace.o(.bss)



==============================================================================

Memory Map of the image

  Image Entry point : 0x080001ad

  Load Region LR_IROM1 (Base: 0x08000000, Size: 0x0000493c, Max: 0x00200000, ABSOLUTE, COMPRESSED[0x000046d4])

    Execution Region ER_IROM1 (Exec base: 0x08000000, Load base: 0x08000000, Size: 0x00004554, Max: 0x00200000, ABSOLUTE)

    Exec Addr    Load Addr    Size         Type   Attr      Idx    E Section Name        Object

    0x08000000   0x08000000   0x000001ac   Data   RO            3    RESET               startup_stm32f427xx.o
    0x080001ac   0x080001ac   0x00000008   Code   RO         5184  * !!!main             c_w.l(__main.o)
    0x080001b4   0x080001b4   0x00000034   Code   RO         5422    !!!scatter          c_w.l(__scatter.o)
    0x080001e8   0x080001e8   0x0000005a   Code   RO         5420    !!dczerorl2         c_w.l(__dczerorl2.o)
    0x08000242   0x08000242   0x00000002   PAD
    0x08000244   0x08000244   0x0000001c   Code   RO         5424    !!handler_zi        c_w.l(__scatter_zi.o)
    0x08000260   0x08000260   0x00000002   Code   RO         5344    .ARM.Collect$$libinit$$00000000  c_w.l(libinit.o)
    0x08000262   0x08000262   0x00000004   Code   RO         5227    .ARM.Collect$$libinit$$00000001  c_w.l(libinit2.o)
    0x08000266   0x08000266   0x00000000   Code   RO         5230    .ARM.Collect$$libinit$$00000004  c_w.l(libinit2.o)
    0x08000266   0x08000266   0x00000000   Code   RO         5233    .ARM.Collect$$libinit$$0000000A  c_w.l(libinit2.o)
    0x08000266   0x08000266   0x00000000   Code   RO         5235    .ARM.Collect$$libinit$$0000000C  c_w.l(libinit2.o)
    0x08000266   0x08000266   0x00000000   Code   RO         5237    .ARM.Collect$$libinit$$0000000E  c_w.l(libinit2.o)
    0x08000266   0x08000266   0x00000000   Code   RO         5240    .ARM.Collect$$libinit$$00000011  c_w.l(libinit2.o)
    0x08000266   0x08000266   0x00000000   Code   RO         5242    .ARM.Collect$$libinit$$00000013  c_w.l(libinit2.o)
    0x08000266   0x08000266   0x00000000   Code   RO         5244    .ARM.Collect$$libinit$$00000015  c_w.l(libinit2.o)
    0x08000266   0x08000266   0x00000000   Code   RO         5246    .ARM.Collect$$libinit$$00000017  c_w.l(libinit2.o)
    0x08000266   0x08000266   0x00000000   Code   RO         5248    .ARM.Collect$$libinit$$00000019  c_w.l(libinit2.o)
    0x08000266   0x08000266   0x00000000   Code   RO         5250    .ARM.Collect$$libinit$$0000001B  c_w.l(libinit2.o)
    0x08000266   0x08000266   0x00000000   Code   RO         5252    .ARM.Collect$$libinit$$0000001D  c_w.l(libinit2.o)
    0x08000266   0x08000266   0x00000000   Code   RO         5254    .ARM.Collect$$libinit$$0000001F  c_w.l(libinit2.o)
    0x08000266   0x08000266   0x00000000   Code   RO         5256    .ARM.Collect$$libinit$$00000021  c_w.l(libinit2.o)
    0x08000266   0x08000266   0x00000000   Code   RO         5258    .ARM.Collect$$libinit$$00000023  c_w.l(libinit2.o)
    0x08000266   0x08000266   0x00000000   Code   RO         5260    .ARM.Collect$$libinit$$00000025  c_w.l(libinit2.o)
    0x08000266   0x08000266   0x00000000   Code   RO         5264    .ARM.Collect$$libinit$$0000002C  c_w.l(libinit2.o)
    0x08000266   0x08000266   0x00000000   Code   RO         5266    .ARM.Collect$$libinit$$0000002E  c_w.l(libinit2.o)
    0x08000266   0x08000266   0x00000000   Code   RO         5268    .ARM.Collect$$libinit$$00000030  c_w.l(libinit2.o)
    0x08000266   0x08000266   0x00000004   Code   RO         5269    .ARM.Collect$$libinit$$00000031  c_w.l(libinit2.o)
    0x0800026a   0x0800026a   0x00000000   Code   RO         5270    .ARM.Collect$$libinit$$00000032  c_w.l(libinit2.o)
    0x0800026a   0x0800026a   0x00000002   Code   RO         5271    .ARM.Collect$$libinit$$00000033  c_w.l(libinit2.o)
    0x0800026c   0x0800026c   0x00000002   Code   RO         5385    .ARM.Collect$$libshutdown$$00000000  c_w.l(libshutdown.o)
    0x0800026e   0x0800026e   0x00000000   Code   RO         5401    .ARM.Collect$$libshutdown$$00000002  c_w.l(libshutdown2.o)
    0x0800026e   0x0800026e   0x00000000   Code   RO         5403    .ARM.Collect$$libshutdown$$00000004  c_w.l(libshutdown2.o)
    0x0800026e   0x0800026e   0x00000000   Code   RO         5405    .ARM.Collect$$libshutdown$$00000006  c_w.l(libshutdown2.o)
    0x0800026e   0x0800026e   0x00000000   Code   RO         5408    .ARM.Collect$$libshutdown$$00000009  c_w.l(libshutdown2.o)
    0x0800026e   0x0800026e   0x00000000   Code   RO         5411    .ARM.Collect$$libshutdown$$0000000C  c_w.l(libshutdown2.o)
    0x0800026e   0x0800026e   0x00000000   Code   RO         5413    .ARM.Collect$$libshutdown$$0000000E  c_w.l(libshutdown2.o)
    0x0800026e   0x0800026e   0x00000000   Code   RO         5416    .ARM.Collect$$libshutdown$$00000011  c_w.l(libshutdown2.o)
    0x0800026e   0x0800026e   0x00000002   Code   RO         5417    .ARM.Collect$$libshutdown$$00000012  c_w.l(libshutdown2.o)
    0x08000270   0x08000270   0x00000000   Code   RO         5220    .ARM.Collect$$rtentry$$00000000  c_w.l(__rtentry.o)
    0x08000270   0x08000270   0x00000000   Code   RO         5299    .ARM.Collect$$rtentry$$00000002  c_w.l(__rtentry2.o)
    0x08000270   0x08000270   0x00000006   Code   RO         5311    .ARM.Collect$$rtentry$$00000004  c_w.l(__rtentry4.o)
    0x08000276   0x08000276   0x00000000   Code   RO         5301    .ARM.Collect$$rtentry$$00000009  c_w.l(__rtentry2.o)
    0x08000276   0x08000276   0x00000004   Code   RO         5302    .ARM.Collect$$rtentry$$0000000A  c_w.l(__rtentry2.o)
    0x0800027a   0x0800027a   0x00000000   Code   RO         5304    .ARM.Collect$$rtentry$$0000000C  c_w.l(__rtentry2.o)
    0x0800027a   0x0800027a   0x00000008   Code   RO         5305    .ARM.Collect$$rtentry$$0000000D  c_w.l(__rtentry2.o)
    0x08000282   0x08000282   0x00000002   Code   RO         5347    .ARM.Collect$$rtexit$$00000000  c_w.l(rtexit.o)
    0x08000284   0x08000284   0x00000000   Code   RO         5367    .ARM.Collect$$rtexit$$00000002  c_w.l(rtexit2.o)
    0x08000284   0x08000284   0x00000004   Code   RO         5368    .ARM.Collect$$rtexit$$00000003  c_w.l(rtexit2.o)
    0x08000288   0x08000288   0x00000006   Code   RO         5369    .ARM.Collect$$rtexit$$00000004  c_w.l(rtexit2.o)
    0x0800028e   0x0800028e   0x00000002   PAD
    0x08000290   0x08000290   0x00000040   Code   RO            4    .text               startup_stm32f427xx.o
    0x080002d0   0x080002d0   0x000000ee   Code   RO         5176    .text               c_w.l(lludivv7m.o)
    0x080003be   0x080003be   0x0000004e   Code   RO         5178    .text               c_w.l(rt_memclr_w.o)
    0x0800040c   0x0800040c   0x00000006   Code   RO         5182    .text               c_w.l(heapauxi.o)
    0x08000412   0x08000412   0x00000002   PAD
    0x08000414   0x08000414   0x00000024   Code   RO         5189    .text               c_w.l(init_aeabi.o)
    0x08000438   0x08000438   0x00000008   Code   RO         5324    .text               c_w.l(libspace.o)
    0x08000440   0x08000440   0x0000004a   Code   RO         5327    .text               c_w.l(sys_stackheap_outer.o)
    0x0800048a   0x0800048a   0x00000012   Code   RO         5329    .text               c_w.l(exit.o)
    0x0800049c   0x0800049c   0x0000000c   Code   RO         5361    .text               c_w.l(sys_exit.o)
    0x080004a8   0x080004a8   0x00000002   Code   RO         5363    .text               c_w.l(use_no_semi.o)
    0x080004aa   0x080004aa   0x00000000   Code   RO         5365    .text               c_w.l(indicate_semi.o)
    0x080004aa   0x080004aa   0x00000004   Code   RO         1648    i.BusFault_Handler  stm32f4xx_it.o
    0x080004ae   0x080004ae   0x00000002   PAD
    0x080004b0   0x080004b0   0x00000010   Code   RO         1649    i.CAN1_RX0_IRQHandler  stm32f4xx_it.o
    0x080004c0   0x080004c0   0x00000010   Code   RO         1650    i.CAN1_RX1_IRQHandler  stm32f4xx_it.o
    0x080004d0   0x080004d0   0x00000002   Code   RO         1651    i.DebugMon_Handler  stm32f4xx_it.o
    0x080004d2   0x080004d2   0x00000006   Code   RO         1314    i.Error_Handler     main.o
    0x080004d8   0x080004d8   0x0000014a   Code   RO         1840    i.HAL_CAN_AddTxMessage  stm32f4xx_hal_can.o
    0x08000622   0x08000622   0x00000002   PAD
    0x08000624   0x08000624   0x00000124   Code   RO         1841    i.HAL_CAN_ConfigFilter  stm32f4xx_hal_can.o
    0x08000748   0x08000748   0x00000002   Code   RO         1844    i.HAL_CAN_ErrorCallback  stm32f4xx_hal_can.o
    0x0800074a   0x0800074a   0x00000194   Code   RO         1847    i.HAL_CAN_GetRxMessage  stm32f4xx_hal_can.o
    0x080008de   0x080008de   0x0000024e   Code   RO         1851    i.HAL_CAN_IRQHandler  stm32f4xx_hal_can.o
    0x08000b2c   0x08000b2c   0x00000174   Code   RO         1852    i.HAL_CAN_Init      stm32f4xx_hal_can.o
    0x08000ca0   0x08000ca0   0x000000a8   Code   RO         1534    i.HAL_CAN_MspInit   can.o
    0x08000d48   0x08000d48   0x00000002   Code   RO         1859    i.HAL_CAN_RxFifo0FullCallback  stm32f4xx_hal_can.o
    0x08000d4a   0x08000d4a   0x00000002   PAD
    0x08000d4c   0x08000d4c   0x00000058   Code   RO          289    i.HAL_CAN_RxFifo0MsgPendingCallback  drv_can.o
    0x08000da4   0x08000da4   0x00000002   Code   RO         1861    i.HAL_CAN_RxFifo1FullCallback  stm32f4xx_hal_can.o
    0x08000da6   0x08000da6   0x00000002   PAD
    0x08000da8   0x08000da8   0x00000058   Code   RO          290    i.HAL_CAN_RxFifo1MsgPendingCallback  drv_can.o
    0x08000e00   0x08000e00   0x00000002   Code   RO         1863    i.HAL_CAN_SleepCallback  stm32f4xx_hal_can.o
    0x08000e02   0x08000e02   0x0000005e   Code   RO         1864    i.HAL_CAN_Start     stm32f4xx_hal_can.o
    0x08000e60   0x08000e60   0x00000002   Code   RO         1866    i.HAL_CAN_TxMailbox0AbortCallback  stm32f4xx_hal_can.o
    0x08000e62   0x08000e62   0x00000002   Code   RO         1867    i.HAL_CAN_TxMailbox0CompleteCallback  stm32f4xx_hal_can.o
    0x08000e64   0x08000e64   0x00000002   Code   RO         1868    i.HAL_CAN_TxMailbox1AbortCallback  stm32f4xx_hal_can.o
    0x08000e66   0x08000e66   0x00000002   Code   RO         1869    i.HAL_CAN_TxMailbox1CompleteCallback  stm32f4xx_hal_can.o
    0x08000e68   0x08000e68   0x00000002   Code   RO         1870    i.HAL_CAN_TxMailbox2AbortCallback  stm32f4xx_hal_can.o
    0x08000e6a   0x08000e6a   0x00000002   Code   RO         1871    i.HAL_CAN_TxMailbox2CompleteCallback  stm32f4xx_hal_can.o
    0x08000e6c   0x08000e6c   0x00000002   Code   RO         1873    i.HAL_CAN_WakeUpFromRxMsgCallback  stm32f4xx_hal_can.o
    0x08000e6e   0x08000e6e   0x000000ac   Code   RO         2744    i.HAL_DMA_Abort     stm32f4xx_hal_dma.o
    0x08000f1a   0x08000f1a   0x00000028   Code   RO         2745    i.HAL_DMA_Abort_IT  stm32f4xx_hal_dma.o
    0x08000f42   0x08000f42   0x00000092   Code   RO         2753    i.HAL_DMA_Start_IT  stm32f4xx_hal_dma.o
    0x08000fd4   0x08000fd4   0x00000028   Code   RO         3257    i.HAL_Delay         stm32f4xx_hal.o
    0x08000ffc   0x08000ffc   0x00000210   Code   RO         2628    i.HAL_GPIO_Init     stm32f4xx_hal_gpio.o
    0x0800120c   0x0800120c   0x0000000c   Code   RO         2632    i.HAL_GPIO_WritePin  stm32f4xx_hal_gpio.o
    0x08001218   0x08001218   0x0000000c   Code   RO         3265    i.HAL_GetTick       stm32f4xx_hal.o
    0x08001224   0x08001224   0x00000018   Code   RO         3271    i.HAL_IncTick       stm32f4xx_hal.o
    0x0800123c   0x0800123c   0x0000003c   Code   RO         3272    i.HAL_Init          stm32f4xx_hal.o
    0x08001278   0x08001278   0x0000004c   Code   RO         3273    i.HAL_InitTick      stm32f4xx_hal.o
    0x080012c4   0x080012c4   0x00000048   Code   RO         1761    i.HAL_MspInit       stm32f4xx_hal_msp.o
    0x0800130c   0x0800130c   0x00000028   Code   RO         3089    i.HAL_NVIC_EnableIRQ  stm32f4xx_hal_cortex.o
    0x08001334   0x08001334   0x0000007c   Code   RO         3095    i.HAL_NVIC_SetPriority  stm32f4xx_hal_cortex.o
    0x080013b0   0x080013b0   0x00000028   Code   RO         3096    i.HAL_NVIC_SetPriorityGrouping  stm32f4xx_hal_cortex.o
    0x080013d8   0x080013d8   0x0000008c   Code   RO         3008    i.HAL_PWREx_EnableOverDrive  stm32f4xx_hal_pwr_ex.o
    0x08001464   0x08001464   0x00000184   Code   RO         2109    i.HAL_RCC_ClockConfig  stm32f4xx_hal_rcc.o
    0x080015e8   0x080015e8   0x0000000c   Code   RO         2114    i.HAL_RCC_GetHCLKFreq  stm32f4xx_hal_rcc.o
    0x080015f4   0x080015f4   0x00000020   Code   RO         2116    i.HAL_RCC_GetPCLK1Freq  stm32f4xx_hal_rcc.o
    0x08001614   0x08001614   0x00000020   Code   RO         2117    i.HAL_RCC_GetPCLK2Freq  stm32f4xx_hal_rcc.o
    0x08001634   0x08001634   0x000000b0   Code   RO         2118    i.HAL_RCC_GetSysClockFreq  stm32f4xx_hal_rcc.o
    0x080016e4   0x080016e4   0x0000049c   Code   RO         2121    i.HAL_RCC_OscConfig  stm32f4xx_hal_rcc.o
    0x08001b80   0x08001b80   0x00000034   Code   RO         3100    i.HAL_SYSTICK_Config  stm32f4xx_hal_cortex.o
    0x08001bb4   0x08001bb4   0x000000b4   Code   RO         4413    i.HAL_TIMEx_MasterConfigSynchronization  stm32f4xx_hal_tim_ex.o
    0x08001c68   0x08001c68   0x00000066   Code   RO         3560    i.HAL_TIM_Base_Init  stm32f4xx_hal_tim.o
    0x08001cce   0x08001cce   0x00000002   PAD
    0x08001cd0   0x08001cd0   0x00000030   Code   RO         1787    i.HAL_TIM_Base_MspInit  tim.o
    0x08001d00   0x08001d00   0x0000010c   Code   RO         3569    i.HAL_TIM_ConfigClockSource  stm32f4xx_hal_tim.o
    0x08001e0c   0x08001e0c   0x0000005c   Code   RO         1788    i.HAL_TIM_MspPostInit  tim.o
    0x08001e68   0x08001e68   0x00000104   Code   RO         3632    i.HAL_TIM_PWM_ConfigChannel  stm32f4xx_hal_tim.o
    0x08001f6c   0x08001f6c   0x00000066   Code   RO         3635    i.HAL_TIM_PWM_Init  stm32f4xx_hal_tim.o
    0x08001fd2   0x08001fd2   0x00000002   Code   RO         3637    i.HAL_TIM_PWM_MspInit  stm32f4xx_hal_tim.o
    0x08001fd4   0x08001fd4   0x0000010c   Code   RO         3640    i.HAL_TIM_PWM_Start  stm32f4xx_hal_tim.o
    0x080020e0   0x080020e0   0x00000072   Code   RO         4713    i.HAL_UARTEx_ReceiveToIdle_DMA  stm32f4xx_hal_uart.o
    0x08002152   0x08002152   0x00000002   PAD
    0x08002154   0x08002154   0x00000188   Code   RO          236    i.HAL_UARTEx_RxEventCallback  drv_uart.o
    0x080022dc   0x080022dc   0x00000002   Code   RO         4729    i.HAL_UART_ErrorCallback  stm32f4xx_hal_uart.o
    0x080022de   0x080022de   0x00000002   PAD
    0x080022e0   0x080022e0   0x000002e8   Code   RO         4732    i.HAL_UART_IRQHandler  stm32f4xx_hal_uart.o
    0x080025c8   0x080025c8   0x00000076   Code   RO         4733    i.HAL_UART_Init     stm32f4xx_hal_uart.o
    0x0800263e   0x0800263e   0x00000002   PAD
    0x08002640   0x08002640   0x00000098   Code   RO         1604    i.HAL_UART_MspInit  usart.o
    0x080026d8   0x080026d8   0x0000002c   Code   RO         4738    i.HAL_UART_Receive_IT  stm32f4xx_hal_uart.o
    0x08002704   0x08002704   0x000000b8   Code   RO         1315    i.HAL_UART_RxCpltCallback  main.o
    0x080027bc   0x080027bc   0x00000002   Code   RO         4740    i.HAL_UART_RxHalfCpltCallback  stm32f4xx_hal_uart.o
    0x080027be   0x080027be   0x00000002   Code   RO         4744    i.HAL_UART_TxCpltCallback  stm32f4xx_hal_uart.o
    0x080027c0   0x080027c0   0x00000004   Code   RO         1652    i.HardFault_Handler  stm32f4xx_it.o
    0x080027c4   0x080027c4   0x00000044   Code   RO         1535    i.MX_CAN1_Init      can.o
    0x08002808   0x08002808   0x00000048   Code   RO         1578    i.MX_DMA_Init       dma.o
    0x08002850   0x08002850   0x000000b4   Code   RO         1508    i.MX_GPIO_Init      gpio.o
    0x08002904   0x08002904   0x000000c4   Code   RO         1789    i.MX_TIM2_Init      tim.o
    0x080029c8   0x080029c8   0x00000038   Code   RO         1605    i.MX_USART6_UART_Init  usart.o
    0x08002a00   0x08002a00   0x00000004   Code   RO         1653    i.MemManage_Handler  stm32f4xx_it.o
    0x08002a04   0x08002a04   0x00000004   Code   RO         1654    i.NMI_Handler       stm32f4xx_it.o
    0x08002a08   0x08002a08   0x00000002   Code   RO         1655    i.PendSV_Handler    stm32f4xx_it.o
    0x08002a0a   0x08002a0a   0x00000002   Code   RO         1656    i.SVC_Handler       stm32f4xx_it.o
    0x08002a0c   0x08002a0c   0x00000008   Code   RO         1657    i.SysTick_Handler   stm32f4xx_it.o
    0x08002a14   0x08002a14   0x00000014   Code   RO         5139    i.SystemInit        system_stm32f4xx.o
    0x08002a28   0x08002a28   0x000000d8   Code   RO         3653    i.TIM_Base_SetConfig  stm32f4xx_hal_tim.o
    0x08002b00   0x08002b00   0x00000022   Code   RO         3654    i.TIM_CCxChannelCmd  stm32f4xx_hal_tim.o
    0x08002b22   0x08002b22   0x00000016   Code   RO         3659    i.TIM_ETR_SetConfig  stm32f4xx_hal_tim.o
    0x08002b38   0x08002b38   0x0000007c   Code   RO         3660    i.TIM_OC2_SetConfig  stm32f4xx_hal_tim.o
    0x08002bb4   0x08002bb4   0x000000c8   Code   RO         4746    i.UART_Start_Receive_DMA  stm32f4xx_hal_uart.o
    0x08002c7c   0x08002c7c   0x00000040   Code   RO         4747    i.UART_Start_Receive_IT  stm32f4xx_hal_uart.o
    0x08002cbc   0x08002cbc   0x00000002   Code   RO         1658    i.USART2_IRQHandler  stm32f4xx_it.o
    0x08002cbe   0x08002cbe   0x00000002   PAD
    0x08002cc0   0x08002cc0   0x00000010   Code   RO         1659    i.USART6_IRQHandler  stm32f4xx_it.o
    0x08002cd0   0x08002cd0   0x00000004   Code   RO         1660    i.UsageFault_Handler  stm32f4xx_it.o
    0x08002cd4   0x08002cd4   0x00000014   Code   RO           13    i._Z11BSP_DC24_LD20Enum_BSP_DC24_Status  drv_bsp.o
    0x08002ce8   0x08002ce8   0x00000014   Code   RO           14    i._Z11BSP_DC24_LU20Enum_BSP_DC24_Status  drv_bsp.o
    0x08002cfc   0x08002cfc   0x00000014   Code   RO           15    i._Z11BSP_DC24_RD20Enum_BSP_DC24_Status  drv_bsp.o
    0x08002d10   0x08002d10   0x00000014   Code   RO           16    i._Z11BSP_DC24_RU20Enum_BSP_DC24_Status  drv_bsp.o
    0x08002d24   0x08002d24   0x00000028   Code   RO          291    i._Z13CAN_Send_DataP17CAN_HandleTypeDeftPht  drv_can.o
    0x08002d4c   0x08002d4c   0x00000240   Code   RO         1316    i._Z16arm_control_onceh  main.o
    0x08002f8c   0x08002f8c   0x00000030   Code   RO         1317    i._Z16set_motors_angleP9arm_State  main.o
    0x08002fbc   0x08002fbc   0x00000030   Code   RO         1318    i._Z16set_motors_speedP9arm_State  main.o
    0x08002fec   0x08002fec   0x00000032   Code   RO          360    i._Z17Math_Float_To_Intfffii  drv_math.o
    0x0800301e   0x0800301e   0x00000032   Code   RO          361    i._Z17Math_Int_To_Floatiiiff  drv_math.o
    0x08003050   0x08003050   0x00000230   Code   RO         1319    i._Z17motor_state_chagePfS_  main.o
    0x08003280   0x08003280   0x000000bc   Code   RO         1320    i._Z18SystemClock_Configv  main.o
    0x0800333c   0x0800333c   0x0000006c   Code   RO         1321    i._Z19CAN_Motor_Call_BackP20Struct_CAN_Rx_Buffer  main.o
    0x080033a8   0x080033a8   0x0000006e   Code   RO          292    i._Z22CAN_Filter_Mask_ConfigP17CAN_HandleTypeDefhjj  drv_can.o
    0x08003416   0x08003416   0x00000022   Code   RO          363    i._Z22Math_Endian_Reverse_16PvS_  drv_math.o
    0x08003438   0x08003438   0x0000009a   Code   RO           17    i._Z8BSP_Initjff    drv_bsp.o
    0x080034d2   0x080034d2   0x00000002   PAD
    0x080034d4   0x080034d4   0x00000084   Code   RO          294    i._Z8CAN_InitP17CAN_HandleTypeDefPFvP20Struct_CAN_Rx_BufferE  drv_can.o
    0x08003558   0x08003558   0x00000020   Code   RO         1323    i._Z8set_PWM1h      main.o
    0x08003578   0x08003578   0x00000020   Code   RO         1324    i._Z8set_PWM2h      main.o
    0x08003598   0x08003598   0x00000020   Code   RO         1325    i._Z8set_PWM3h      main.o
    0x080035b8   0x080035b8   0x00000014   Code   RO           18    i._Z9BSP_LED_119Enum_BSP_LED_Status  drv_bsp.o
    0x080035cc   0x080035cc   0x00000014   Code   RO           19    i._Z9BSP_LED_219Enum_BSP_LED_Status  drv_bsp.o
    0x080035e0   0x080035e0   0x00000014   Code   RO           20    i._Z9BSP_LED_319Enum_BSP_LED_Status  drv_bsp.o
    0x080035f4   0x080035f4   0x00000014   Code   RO           21    i._Z9BSP_LED_419Enum_BSP_LED_Status  drv_bsp.o
    0x08003608   0x08003608   0x00000014   Code   RO           22    i._Z9BSP_LED_519Enum_BSP_LED_Status  drv_bsp.o
    0x0800361c   0x0800361c   0x00000014   Code   RO           23    i._Z9BSP_LED_619Enum_BSP_LED_Status  drv_bsp.o
    0x08003630   0x08003630   0x00000014   Code   RO           24    i._Z9BSP_LED_719Enum_BSP_LED_Status  drv_bsp.o
    0x08003644   0x08003644   0x00000018   Code   RO           25    i._Z9BSP_LED_819Enum_BSP_LED_Status  drv_bsp.o
    0x0800365c   0x0800365c   0x00000018   Code   RO           26    i._Z9BSP_LED_G19Enum_BSP_LED_Status  drv_bsp.o
    0x08003674   0x08003674   0x00000018   Code   RO           27    i._Z9BSP_LED_R19Enum_BSP_LED_Status  drv_bsp.o
    0x0800368c   0x0800368c   0x0000011c   Code   RO         1189    i._ZN21Class_Motor_DM_Normal12Data_ProcessEv  dvc_motor_dm.o
    0x080037a8   0x080037a8   0x00000018   Code   RO         1191    i._ZN21Class_Motor_DM_Normal14CAN_Send_EnterEv  dvc_motor_dm.o
    0x080037c0   0x080037c0   0x00000006   Code   RO         1434    i._ZN21Class_Motor_DM_Normal17Set_Control_AngleEf  main.o
    0x080037c6   0x080037c6   0x00000006   Code   RO         1428    i._ZN21Class_Motor_DM_Normal17Set_Control_OmegaEf  main.o
    0x080037cc   0x080037cc   0x00000014   Code   RO         1192    i._ZN21Class_Motor_DM_Normal18CAN_RxCpltCallbackEPh  dvc_motor_dm.o
    0x080037e0   0x080037e0   0x00000018   Code   RO         1194    i._ZN21Class_Motor_DM_Normal20CAN_Send_Clear_ErrorEv  dvc_motor_dm.o
    0x080037f8   0x080037f8   0x000000c4   Code   RO         1195    i._ZN21Class_Motor_DM_Normal30TIM_Send_PeriodElapsedCallbackEv  dvc_motor_dm.o
    0x080038bc   0x080038bc   0x0000002c   Code   RO         1196    i._ZN21Class_Motor_DM_Normal31TIM_Alive_PeriodElapsedCallbackEv  dvc_motor_dm.o
    0x080038e8   0x080038e8   0x00000074   Code   RO         1197    i._ZN21Class_Motor_DM_Normal4InitEP17CAN_HandleTypeDefhh28Enum_Motor_DM_Control_Methodffff  dvc_motor_dm.o
    0x0800395c   0x0800395c   0x00000198   Code   RO         1198    i._ZN21Class_Motor_DM_Normal6OutputEv  dvc_motor_dm.o
    0x08003af4   0x08003af4   0x00000044   Code   RO         1425    i._ZN21Class_Motor_DM_NormalC1Ev  main.o
    0x08003b38   0x08003b38   0x0000002c   Code   RO         2756    i._ZN41_INTERNAL_19_stm32f4xx_hal_dma_c_c25f65ec13DMA_SetConfigEP19__DMA_HandleTypeDefjjj  stm32f4xx_hal_dma.o
    0x08003b64   0x08003b64   0x00000070   Code   RO         3662    i._ZN41_INTERNAL_19_stm32f4xx_hal_tim_c_a9d95b5217TIM_OC1_SetConfigEP11TIM_TypeDefP18TIM_OC_InitTypeDef  stm32f4xx_hal_tim.o
    0x08003bd4   0x08003bd4   0x00000078   Code   RO         3663    i._ZN41_INTERNAL_19_stm32f4xx_hal_tim_c_a9d95b5217TIM_OC3_SetConfigEP11TIM_TypeDefP18TIM_OC_InitTypeDef  stm32f4xx_hal_tim.o
    0x08003c4c   0x08003c4c   0x00000054   Code   RO         3664    i._ZN41_INTERNAL_19_stm32f4xx_hal_tim_c_a9d95b5217TIM_OC4_SetConfigEP11TIM_TypeDefP18TIM_OC_InitTypeDef  stm32f4xx_hal_tim.o
    0x08003ca0   0x08003ca0   0x00000012   Code   RO         3669    i._ZN41_INTERNAL_19_stm32f4xx_hal_tim_c_a9d95b5218TIM_ITRx_SetConfigEP11TIM_TypeDefj  stm32f4xx_hal_tim.o
    0x08003cb2   0x08003cb2   0x00000026   Code   RO         3674    i._ZN41_INTERNAL_19_stm32f4xx_hal_tim_c_a9d95b5224TIM_TI1_ConfigInputStageEP11TIM_TypeDefjj  stm32f4xx_hal_tim.o
    0x08003cd8   0x08003cd8   0x00000028   Code   RO         3675    i._ZN41_INTERNAL_19_stm32f4xx_hal_tim_c_a9d95b5224TIM_TI2_ConfigInputStageEP11TIM_TypeDefjj  stm32f4xx_hal_tim.o
    0x08003d00   0x08003d00   0x00000050   Code   RO         4748    i._ZN42_INTERNAL_20_stm32f4xx_hal_uart_c_d497114f13UART_DMAErrorEP19__DMA_HandleTypeDef  stm32f4xx_hal_uart.o
    0x08003d50   0x08003d50   0x0000022c   Code   RO         4749    i._ZN42_INTERNAL_20_stm32f4xx_hal_uart_c_d497114f14UART_SetConfigEP20__UART_HandleTypeDef  stm32f4xx_hal_uart.o
    0x08003f7c   0x08003f7c   0x000000fc   Code   RO         4750    i._ZN42_INTERNAL_20_stm32f4xx_hal_uart_c_d497114f15UART_Receive_ITEP20__UART_HandleTypeDef  stm32f4xx_hal_uart.o
    0x08004078   0x08004078   0x00000060   Code   RO         4751    i._ZN42_INTERNAL_20_stm32f4xx_hal_uart_c_d497114f16UART_Transmit_ITEP20__UART_HandleTypeDef  stm32f4xx_hal_uart.o
    0x080040d8   0x080040d8   0x00000024   Code   RO         4752    i._ZN42_INTERNAL_20_stm32f4xx_hal_uart_c_d497114f18UART_DMARxHalfCpltEP19__DMA_HandleTypeDef  stm32f4xx_hal_uart.o
    0x080040fc   0x080040fc   0x0000006c   Code   RO         4754    i._ZN42_INTERNAL_20_stm32f4xx_hal_uart_c_d497114f18UART_EndRxTransferEP20__UART_HandleTypeDef  stm32f4xx_hal_uart.o
    0x08004168   0x08004168   0x00000026   Code   RO         4755    i._ZN42_INTERNAL_20_stm32f4xx_hal_uart_c_d497114f18UART_EndTxTransferEP20__UART_HandleTypeDef  stm32f4xx_hal_uart.o
    0x0800418e   0x0800418e   0x000000b4   Code   RO         4756    i._ZN42_INTERNAL_20_stm32f4xx_hal_uart_c_d497114f19UART_DMAReceiveCpltEP19__DMA_HandleTypeDef  stm32f4xx_hal_uart.o
    0x08004242   0x08004242   0x00000020   Code   RO         4757    i._ZN42_INTERNAL_20_stm32f4xx_hal_uart_c_d497114f19UART_EndTransmit_ITEP20__UART_HandleTypeDef  stm32f4xx_hal_uart.o
    0x08004262   0x08004262   0x00000014   Code   RO         4758    i._ZN42_INTERNAL_20_stm32f4xx_hal_uart_c_d497114f20UART_DMAAbortOnErrorEP19__DMA_HandleTypeDef  stm32f4xx_hal_uart.o
    0x08004276   0x08004276   0x00000002   PAD
    0x08004278   0x08004278   0x00000028   Code   RO         3102    i._ZN44_INTERNAL_22_stm32f4xx_hal_cortex_c_2992dbc018__NVIC_SetPriorityE9IRQn_Typej  stm32f4xx_hal_cortex.o
    0x080042a0   0x080042a0   0x00000010   Code   RO         3103    i._ZN44_INTERNAL_22_stm32f4xx_hal_cortex_c_2992dbc026__NVIC_GetPriorityGroupingEv  stm32f4xx_hal_cortex.o
    0x080042b0   0x080042b0   0x00000054   Code   RO         1326    i.__sti___6_main_c_18ce1bfb  main.o
    0x08004304   0x08004304   0x000001d8   Code   RO         1327    i.main              main.o
    0x080044dc   0x080044dc   0x00000030   Code   RO          589    t._Z14Math_ConstrainIfET_PS0_S0_S0_  alg_pid.o
    0x0800450c   0x0800450c   0x0000000a   Code   RO         5322    x$fpl$fpinit        fz_wm.l(fpinit.o)
    0x08004516   0x08004516   0x00000018   Data   RO         5142    .constdata          system_stm32f4xx.o
    0x0800452e   0x0800452e   0x00000002   PAD
    0x08004530   0x08004530   0x00000020   Data   RO         5418    Region$$Table       anon$$obj.o
    0x08004550   0x08004550   0x00000004   Data   RO         1344    .init_array         main.o
    0x08004554   0x08004550   0x00000000   Data   RO         5187    .init_array         c_w.l(init_aeabi.o)


    Execution Region RW_IRAM2 (Exec base: 0x10000000, Load base: 0x080046d4, Size: 0x00000000, Max: 0x00010000, ABSOLUTE)

    **** No section assigned to this execution region ****


    Execution Region RW_IRAM1 (Exec base: 0x20000000, Load base: 0x08004554, Size: 0x00003858, Max: 0x00030000, ABSOLUTE, COMPRESSED[0x00000180])

    Exec Addr    Load Addr    Size         Type   Attr      Idx    E Section Name        Object

    0x20000000   COMPRESSED   0x00000020   Data   RW         1217    .data               dvc_motor_dm.o
    0x20000020   COMPRESSED   0x000003b8   Data   RW         1343    .data               main.o
    0x200003d8   COMPRESSED   0x00000009   Data   RW         3308    .data               stm32f4xx_hal.o
    0x200003e1   COMPRESSED   0x00000003   PAD
    0x200003e4   COMPRESSED   0x00000004   Data   RW         5143    .data               system_stm32f4xx.o
    0x200003e8        -       0x00001060   Zero   RW          244    .bss                drv_uart.o
    0x20001448        -       0x00000058   Zero   RW          301    .bss                drv_can.o
    0x200014a0        -       0x000002a0   Zero   RW         1342    .bss                main.o
    0x20001740        -       0x00000028   Zero   RW         1539    .bss                can.o
    0x20001768        -       0x00000048   Zero   RW         1609    .bss                usart.o
    0x200017b0        -       0x00000048   Zero   RW         1794    .bss                tim.o
    0x200017f8        -       0x00000060   Zero   RW         5325    .bss                c_w.l(libspace.o)
    0x20001858        -       0x00001000   Zero   RW            2    HEAP                startup_stm32f427xx.o
    0x20002858        -       0x00001000   Zero   RW            1    STACK               startup_stm32f427xx.o


==============================================================================

Image component sizes


      Code (inc. data)   RO Data    RW Data    ZI Data      Debug   Object Name

        48          0          0          0          0       2117   alg_pid.o
       236         22          0          0         40       2125   can.o
        72          4          0          0          0       1002   dma.o
       446         62          0          0          0     762703   drv_bsp.o
       458         48          0          0         88       6219   drv_can.o
       134          0          0          0          0       3021   drv_math.o
       392         66          0          0       4192       2721   drv_uart.o
         0          0          0          0          0     613781   dvc_motor.o
      1116         64          0         32          0      14887   dvc_motor_dm.o
       180          8          0          0          0       1199   gpio.o
      2450        304          4        952        672      25977   main.o
        64         26        428          0       8192        948   startup_stm32f427xx.o
       212         36          0          9          0      10393   stm32f4xx_hal.o
      2104          6          0          0          0      14896   stm32f4xx_hal_can.o
       312         22          0          0          0      35059   stm32f4xx_hal_cortex.o
       402          0          0          0          0       4154   stm32f4xx_hal_dma.o
       540         54          0          0          0       2460   stm32f4xx_hal_gpio.o
        72          4          0          0          0       1090   stm32f4xx_hal_msp.o
       140         12          0          0          0       1508   stm32f4xx_hal_pwr_ex.o
      1820         84          0          0          0       6368   stm32f4xx_hal_rcc.o
      1810        112          0          0          0      14250   stm32f4xx_hal_tim.o
       180         30          0          0          0       1564   stm32f4xx_hal_tim_ex.o
      2688         28          0          0          0      17245   stm32f4xx_hal_uart.o
        84         18          0          0          0       7514   stm32f4xx_it.o
        20          6         24          4          0       1463   system_stm32f4xx.o
       336         16          0          0         72       2956   tim.o
       208         22          0          0         72       2134   usart.o

    ----------------------------------------------------------------------
     16546       1054        490       1000      13328    1559754   Object Totals
         0          0         32          0          0          0   (incl. Generated)
        22          0          2          3          0          0   (incl. Padding)

    ----------------------------------------------------------------------

      Code (inc. data)   RO Data    RW Data    ZI Data      Debug   Library Member Name

        90          0          0          0          0          0   __dczerorl2.o
         8          0          0          0          0         68   __main.o
         0          0          0          0          0          0   __rtentry.o
        12          0          0          0          0          0   __rtentry2.o
         6          0          0          0          0          0   __rtentry4.o
        52          8          0          0          0          0   __scatter.o
        28          0          0          0          0          0   __scatter_zi.o
        18          0          0          0          0         80   exit.o
         6          0          0          0          0        152   heapauxi.o
         0          0          0          0          0          0   indicate_semi.o
        36         10          0          0          0         80   init_aeabi.o
         2          0          0          0          0          0   libinit.o
        10          0          0          0          0          0   libinit2.o
         2          0          0          0          0          0   libshutdown.o
         2          0          0          0          0          0   libshutdown2.o
         8          4          0          0         96         68   libspace.o
       238          0          0          0          0        100   lludivv7m.o
        78          0          0          0          0         80   rt_memclr_w.o
         2          0          0          0          0          0   rtexit.o
        10          0          0          0          0          0   rtexit2.o
        12          4          0          0          0         68   sys_exit.o
        74          0          0          0          0         80   sys_stackheap_outer.o
         2          0          0          0          0         68   use_no_semi.o
        10          0          0          0          0        116   fpinit.o

    ----------------------------------------------------------------------
       712         26          0          0         96        960   Library Totals
         6          0          0          0          0          0   (incl. Padding)

    ----------------------------------------------------------------------

      Code (inc. data)   RO Data    RW Data    ZI Data      Debug   Library Name

       696         26          0          0         96        844   c_w.l
        10          0          0          0          0        116   fz_wm.l

    ----------------------------------------------------------------------
       712         26          0          0         96        960   Library Totals

    ----------------------------------------------------------------------

==============================================================================


      Code (inc. data)   RO Data    RW Data    ZI Data      Debug   

     17258       1080        490       1000      13424    1546402   Grand Totals
     17258       1080        490        384      13424    1546402   ELF Image Totals (compressed)
     17258       1080        490        384          0          0   ROM Totals

==============================================================================

    Total RO  Size (Code + RO Data)                17748 (  17.33kB)
    Total RW  Size (RW Data + ZI Data)             14424 (  14.09kB)
    Total ROM Size (Code + RO Data + RW Data)      18132 (  17.71kB)

==============================================================================

